******************************************************************************
                  MSP430 Linker PC v4.1.5                      
******************************************************************************
>> Linked Thu Feb 11 12:41:54 2016

OUTPUT FILE NAME:   <CC430APP.out>
ENTRY POINT SYMBOL: "_c_int00"  address: 0000c928


MEMORY CONFIGURATION

         name            origin    length      used     unused   attr    fill
----------------------  --------  ---------  --------  --------  ----  --------
  SFR                   00000000   00000010  00000000  00000010  RWIX
  PERIPHERALS_8BIT      00000010   000000f0  00000000  000000f0  RWIX
  PERIPHERALS_16BIT     00000100   00000100  00000000  00000100  RWIX
  INFOD                 00001800   00000080  00000000  00000080  RWIX
  INFOC                 00001880   00000080  00000000  00000080  RWIX
  INFOB                 00001900   00000080  00000000  00000080  RWIX
  INFOA                 00001980   00000080  00000000  00000080  RWIX
  RAM                   00001c00   00000ffe  000002e1  00000d1d  RWIX
  FLASH                 00008000   00006e00  00004a54  000023ac  RWIX
  INT00                 0000ef80   00000002  00000000  00000002  RWIX
  INT01                 0000ef82   00000002  00000000  00000002  RWIX
  INT02                 0000ef84   00000002  00000000  00000002  RWIX
  INT03                 0000ef86   00000002  00000000  00000002  RWIX
  INT04                 0000ef88   00000002  00000000  00000002  RWIX
  INT05                 0000ef8a   00000002  00000000  00000002  RWIX
  INT06                 0000ef8c   00000002  00000000  00000002  RWIX
  INT07                 0000ef8e   00000002  00000000  00000002  RWIX
  INT08                 0000ef90   00000002  00000000  00000002  RWIX
  INT09                 0000ef92   00000002  00000000  00000002  RWIX
  INT10                 0000ef94   00000002  00000000  00000002  RWIX
  INT11                 0000ef96   00000002  00000000  00000002  RWIX
  INT12                 0000ef98   00000002  00000000  00000002  RWIX
  INT13                 0000ef9a   00000002  00000000  00000002  RWIX
  INT14                 0000ef9c   00000002  00000000  00000002  RWIX
  INT15                 0000ef9e   00000002  00000000  00000002  RWIX
  INT16                 0000efa0   00000002  00000000  00000002  RWIX
  INT17                 0000efa2   00000002  00000000  00000002  RWIX
  INT18                 0000efa4   00000002  00000000  00000002  RWIX
  INT19                 0000efa6   00000002  00000000  00000002  RWIX
  INT20                 0000efa8   00000002  00000000  00000002  RWIX
  INT21                 0000efaa   00000002  00000000  00000002  RWIX
  INT22                 0000efac   00000002  00000000  00000002  RWIX
  INT23                 0000efae   00000002  00000000  00000002  RWIX
  INT24                 0000efb0   00000002  00000000  00000002  RWIX
  INT25                 0000efb2   00000002  00000000  00000002  RWIX
  INT26                 0000efb4   00000002  00000000  00000002  RWIX
  INT27                 0000efb6   00000002  00000000  00000002  RWIX
  INT28                 0000efb8   00000002  00000000  00000002  RWIX
  INT29                 0000efba   00000002  00000000  00000002  RWIX
  INT30                 0000efbc   00000002  00000000  00000002  RWIX
  INT31                 0000efbe   00000002  00000000  00000002  RWIX
  INT32                 0000efc0   00000002  00000000  00000002  RWIX
  INT33                 0000efc2   00000002  00000000  00000002  RWIX
  INT34                 0000efc4   00000002  00000000  00000002  RWIX
  INT35                 0000efc6   00000002  00000000  00000002  RWIX
  INT36                 0000efc8   00000002  00000000  00000002  RWIX
  INT37                 0000efca   00000002  00000000  00000002  RWIX
  INT38                 0000efcc   00000002  00000000  00000002  RWIX
  INT39                 0000efce   00000002  00000000  00000002  RWIX
  INT40                 0000efd0   00000002  00000000  00000002  RWIX
  INT41                 0000efd2   00000002  00000000  00000002  RWIX
  INT42                 0000efd4   00000002  00000000  00000002  RWIX
  INT43                 0000efd6   00000002  00000000  00000002  RWIX
  INT44                 0000efd8   00000002  00000000  00000002  RWIX
  INT45                 0000efda   00000002  00000000  00000002  RWIX
  INT46                 0000efdc   00000002  00000000  00000002  RWIX
  INT47                 0000efde   00000002  00000000  00000002  RWIX
  INT48                 0000efe0   00000002  00000000  00000002  RWIX
  INT49                 0000efe2   00000002  00000000  00000002  RWIX
  INT50                 0000efe4   00000002  00000000  00000002  RWIX
  INT51                 0000efe6   00000002  00000002  00000000  RWIX
  INT52                 0000efe8   00000002  00000000  00000002  RWIX
  INT53                 0000efea   00000002  00000002  00000000  RWIX
  INT54                 0000efec   00000002  00000000  00000002  RWIX
  INT55                 0000efee   00000002  00000000  00000002  RWIX
  INT56                 0000eff0   00000002  00000000  00000002  RWIX
  INT57                 0000eff2   00000002  00000000  00000002  RWIX
  INT58                 0000eff4   00000002  00000002  00000000  RWIX
  INT59                 0000eff6   00000002  00000000  00000002  RWIX
  INT60                 0000eff8   00000002  00000000  00000002  RWIX
  INT61                 0000effa   00000002  00000000  00000002  RWIX
  INT62                 0000effc   00000002  00000000  00000002  RWIX
  RESET                 0000effe   00000002  00000002  00000000  RWIX
  $BOUND$0xff70         0000ff70   00000004  00000004  00000000  R IX


SECTION ALLOCATION MAP

 output                                  attributes/
section   page    origin      length       input sections
--------  ----  ----------  ----------   ----------------
.init_array 
*          0    00008000    00000000     UNINITIALIZED

.bss       0    00001c00    00000274     UNINITIALIZED
                  00001c00    00000100     at25df521.obj (.bss)
                  00001d00    000000e2     uart.obj (.bss)
                  00001de2    0000005e     main.obj (.bss)
                  00001e40    00000034     setup.obj (.bss)

.TI.noinit 
*          0    00001c00    00000000     UNINITIALIZED

.data      0    00001e74    0000001d     
                  00001e74    0000000f     timer.obj (.data)
                  00001e83    00000001     --HOLE--
                  00001e84    00000006     uart.obj (.data)
                  00001e8a    00000005     setup.obj (.data)
                  00001e8f    00000001     --HOLE--
                  00001e90    00000001     main.obj (.data)

.TI.persistent 
*          0    00001e74    00000000     UNINITIALIZED

.stack     0    00002bac    00000050     UNINITIALIZED
                  00002bac    00000002     rts430x_lc_sd_eabi.lib : boot.obj (.stack)
                  00002bae    0000004e     --HOLE--

.text      0    00008000    00004a26     
                  00008000    00000a58     uart.obj (.text:UartMessageHandle)
                  00008a58    0000064c     setup.obj (.text:RFMsgHandle)
                  000090a4    000002da     rts430x_lc_sd_eabi.lib : frcmpyd.obj (.text:_frcmpyd)
                  0000937e    000002d8                            : addd.obj (.text:__mspabi_addd)
                  00009656    00000260                            : frcaddd.obj (.text:_frcaddd)
                  000098b6    0000025a     setup.obj (.text:RfTransmitDoneHandle)
                  00009b10    00000244     rts430x_lc_sd_eabi.lib : mpyd.obj (.text:__mspabi_mpyd)
                  00009d54    000001cc     uart.obj (.text:ConvertRecvBufCharToByte)
                  00009f20    000001b4     setup.obj (.text:AddOrSubAllLinkGroup)
                  0000a0d4    000001b4     setup.obj (.text:SendALLLinkGroupCommand)
                  0000a288    000001a6     setup.obj (.text:TransmitUartMsgByRf)
                  0000a42e    00000170     setup.obj (.text:SendRfMessageToUart)
                  0000a59e    0000015a     setup.obj (.text:CheckBroadcastUnlinkId)
                  0000a6f8    0000014a     setup.obj (.text:CheckBroadcastLinkId)
                  0000a842    00000134     hal_UCS.obj (.text:Init_FLL)
                  0000a976    0000012e     at25df521.obj (.text:WriteNBytes)
                  0000aaa4    0000011a     RF1A.obj (.text:SetRFUS38K)
                  0000abbe    000000f0     setup.obj (.text:ReadConfigData)
                  0000acae    000000e2     timer.obj (.text:_isr:TIMER1_A0_ISR)
                  0000ad90    000000de     setup.obj (.text:SaveAllLinkData)
                  0000ae6e    000000de     hal_pmm.obj (.text:SetVCoreUp)
                  0000af4c    000000de     main.obj (.text:main)
                  0000b02a    000000d8     setup.obj (.text:SendRfMessageResponse)
                  0000b102    000000d6     rts430x_lc_sd_eabi.lib : copy_decompress_rle.obj (.text:__TI_decompress_rle_core)
                  0000b1d8    000000ce     setup.obj (.text:UnlinkAllLinkData)
                  0000b2a6    000000ca     setup.obj (.text:DirectMsgCheckUnlinkId)
                  0000b370    000000c0     setup.obj (.text:DirectMsgCheckLinkId)
                  0000b430    000000c0     setup.obj (.text:DirectlyTransmitRfLinkMsg)
                  0000b4f0    000000ba     RF1A.obj (.text:Strobe)
                  0000b5aa    000000b8     uart.obj (.text:UartInit)
                  0000b662    000000b6     hal_pmm.obj (.text:SetVCoreDown)
                  0000b718    000000b4     rts430x_lc_sd_eabi.lib : renormd.obj (.text:_renormd)
                  0000b7cc    000000b2     setup.obj (.text:BroadcastTransmitRfLinkMsg)
                  0000b87e    000000ae     setup.obj (.text:LinkCompletedMessageSendToUart)
                  0000b92c    000000ae     setup.obj (.text:LinkExistCompletedMessageSendToUart)
                  0000b9da    000000ae     setup.obj (.text:UnlinkCompletedMessageSendToUart)
                  0000ba88    000000ae     setup.obj (.text:UnlinkExistCompletedMessageSendToUart)
                  0000bb36    0000009e     main.obj (.text:_isr:CC1101_ISR)
                  0000bbd4    0000008a     uart.obj (.text:CharToByte)
                  0000bc5e    0000008a     at25df521.obj (.text:WriteNBytesWithCheck)
                  0000bce8    00000084     uart.obj (.text:ByteToChar)
                  0000bd6c    00000084     at25df521.obj (.text:WriteBytes)
                  0000bdf0    00000082     rts430x_lc_sd_eabi.lib : fixdul.obj (.text:__mspabi_fixdul)
                  0000be72    00000082                            : fltuld.obj (.text:__mspabi_fltuld)
                  0000bef4    00000082     uart.obj (.text:_isr:USCI_A0_ISR)
                  0000bf76    00000080     setup.obj (.text:AllLinkBroadcastMessageCheckID)
                  0000bff6    00000076     at25df521.obj (.text:ReadNBytes)
                  0000c06c    0000006e     rts430x_lc_sd_eabi.lib : autoinit.obj (.text:_auto_init)
                  0000c0da    0000006a     hal_pmm.obj (.text:SetVCore)
                  0000c144    00000064     at25df521.obj (.text:SPI_RW_OneByte)
                  0000c1a8    00000064     setup.obj (.text:Transmit)
                  0000c20c    00000060     RF1A.obj (.text:ReadBurstReg)
                  0000c26c    0000005c     uart.obj (.text:SendFlashErrorReport)
                  0000c2c8    0000005c     RF1A.obj (.text:WriteBurstReg)
                  0000c324    00000050     uart.obj (.text:UartSendAck)
                  0000c374    0000004a     setup.obj (.text:CheckBufferCheckSum)
                  0000c3be    00000048     setup.obj (.text:UartSendRfIspAck)
                  0000c406    00000042     setup.obj (.text:GetBufferCheckSum)
                  0000c448    00000042     RF1A.obj (.text:ReadSingleReg)
                  0000c48a    00000040     rts430x_lc_sd_eabi.lib : cpy_util.obj (.text:__memcpy_far)
                  0000c4ca    0000003e                            : asr32.obj (.text:l_asr_const)
                  0000c508    0000003e                            : lsl32.obj (.text:l_lsl_const)
                  0000c546    0000003e                            : lsr32.obj (.text:l_lsr_const)
                  0000c584    0000003c     at25df521.obj (.text:EraseSinglePage)
                  0000c5c0    0000003c     rts430x_lc_sd_eabi.lib : copy_decompress_none.obj (.text:decompress:none:__TI_decompress_none)
                  0000c5fc    00000038                            : copy_zero_init.obj (.text:decompress:ZI:__TI_zero_init)
                  0000c634    00000036     at25df521.obj (.text:EraseSecondHalfChip)
                  0000c66a    00000036     setup.obj (.text:IOInit)
                  0000c6a0    00000034     at25df521.obj (.text:EraseFirstHalfChip)
                  0000c6d4    00000032     setup.obj (.text:ReceiveOn)
                  0000c706    00000032     rts430x_lc_sd_eabi.lib : subd.obj (.text:__mspabi_subd)
                  0000c738    00000030     setup.obj (.text:SendChangeALLLinkGroupReport)
                  0000c768    00000030     uart.obj (.text:UartTXMsg)
                  0000c798    0000002c     rts430x_lc_sd_eabi.lib : div16s.obj (.text)
                  0000c7c4    0000002a     setup.obj (.text:SendAllLinkCleanUpStatusReport)
                  0000c7ee    0000002a     RF1A.obj (.text:WriteSinglePATable)
                  0000c818    00000028     RF1A.obj (.text:WriteSingleReg)
                  0000c840    00000028     RF1A.obj (.text:halRfWriteReg)
                  0000c868    00000024     at25df521.obj (.text:ReadStatusRegister)
                  0000c88c    00000024     uart.obj (.text:UartResponse)
                  0000c8b0    00000022     rts430x_lc_sd_eabi.lib : mult32_f5hw.obj (.text)
                  0000c8d2    0000001e     setup.obj (.text:InitRadio)
                  0000c8f0    0000001e     uart.obj (.text:WriteUpdateProgramFlag)
                  0000c90e    0000001a     at25df521.obj (.text:Init_FlashMemory)
                  0000c928    0000001a     rts430x_lc_sd_eabi.lib : boot.obj (.text:_isr:_c_int00_noexit)
                  0000c942    00000016                            : div16u.obj (.text)
                  0000c958    00000014     timer.obj (.text:StartTimer1)
                  0000c96c    00000014     uart.obj (.text:uart_transmit_data)
                  0000c980    00000012     at25df521.obj (.text:Enable_DataWrite)
                  0000c992    00000012     RF1A.obj (.text:ResetRadioCore)
                  0000c9a4    00000012     rts430x_lc_sd_eabi.lib : fixdu.obj (.text:__mspabi_fixdu)
                  0000c9b6    00000012                            : memcpy.obj (.text:memcpy)
                  0000c9c8    00000010                            : asr32.obj (.text:l_asr)
                  0000c9d8    00000010                            : lsl32.obj (.text:l_lsl)
                  0000c9e8    00000010                            : lsr32.obj (.text:l_lsr)
                  0000c9f8    0000000e                            : copy_decompress_rle.obj (.text:decompress:rle24:__TI_decompress_rle24)
                  0000ca06    00000006     setup.obj (.text:ResetEEpromAllLinkData)
                  0000ca0c    00000006     rts430x_lc_sd_eabi.lib : fltud.obj (.text:__mspabi_fltud)
                  0000ca12    00000006     uart.obj (.text:uart_disable_interrupt)
                  0000ca18    00000006     uart.obj (.text:uart_enable_interrupt)
                  0000ca1e    00000004     rts430x_lc_sd_eabi.lib : pre_init.obj (.text:_system_pre_init)
                  0000ca22    00000004                            : exit.obj (.text:abort)

.cinit     0    0000ca26    0000002e     
                  0000ca26    0000000c     (.cinit..data.load) [load image, compression = rle]
                  0000ca32    0000000c     (__TI_handler_table)
                  0000ca3e    00000006     (.cinit..bss.load) [load image, compression = zero_init]
                  0000ca44    00000010     (__TI_cinit_table)

TIMER1_A0 
*          0    0000efe6    00000002     
                  0000efe6    00000002     timer.obj (.int51)

CC1101     0    0000efea    00000002     
                  0000efea    00000002     main.obj (.int53)

USCI_A0    0    0000eff4    00000002     
                  0000eff4    00000002     uart.obj (.int58)

.reset     0    0000effe    00000002     
                  0000effe    00000002     rts430x_lc_sd_eabi.lib : boot.obj (.reset)

.TI.bound:myid1 
*          0    0000ff70    00000004     
                  0000ff70    00000004     setup.obj (.TI.bound:myid1)


LINKER GENERATED COPY TABLES

__TI_cinit_table @ 0000ca44 records: 2, size/record: 8, table size: 16
	.data: load addr=0000ca26, load size=0000000c bytes, run addr=00001e74, run size=0000001d bytes, compression=rle
	.bss: load addr=0000ca3e, load size=00000006 bytes, run addr=00001c00, run size=00000274 bytes, compression=zero_init


LINKER GENERATED HANDLER TABLE

__TI_handler_table @ 0000ca32 records: 3, size/record: 4, table size: 12
	index: 0, handler: __TI_zero_init
	index: 1, handler: __TI_decompress_rle24
	index: 2, handler: __TI_decompress_none


GLOBAL SYMBOLS: SORTED ALPHABETICALLY BY Name 

address    name
--------   ----
00000700   ADC12CTL0
00000701   ADC12CTL0_H
00000700   ADC12CTL0_L
00000702   ADC12CTL1
00000703   ADC12CTL1_H
00000702   ADC12CTL1_L
00000704   ADC12CTL2
00000705   ADC12CTL2_H
00000704   ADC12CTL2_L
0000070c   ADC12IE
0000070d   ADC12IE_H
0000070c   ADC12IE_L
0000070a   ADC12IFG
0000070b   ADC12IFG_H
0000070a   ADC12IFG_L
0000070e   ADC12IV
0000070f   ADC12IV_H
0000070e   ADC12IV_L
00000710   ADC12MCTL0
00000711   ADC12MCTL1
0000071a   ADC12MCTL10
0000071b   ADC12MCTL11
0000071c   ADC12MCTL12
0000071d   ADC12MCTL13
0000071e   ADC12MCTL14
0000071f   ADC12MCTL15
00000712   ADC12MCTL2
00000713   ADC12MCTL3
00000714   ADC12MCTL4
00000715   ADC12MCTL5
00000716   ADC12MCTL6
00000717   ADC12MCTL7
00000718   ADC12MCTL8
00000719   ADC12MCTL9
00000720   ADC12MEM0
00000721   ADC12MEM0_H
00000720   ADC12MEM0_L
00000722   ADC12MEM1
00000734   ADC12MEM10
00000735   ADC12MEM10_H
00000734   ADC12MEM10_L
00000736   ADC12MEM11
00000737   ADC12MEM11_H
00000736   ADC12MEM11_L
00000738   ADC12MEM12
00000739   ADC12MEM12_H
00000738   ADC12MEM12_L
0000073a   ADC12MEM13
0000073b   ADC12MEM13_H
0000073a   ADC12MEM13_L
0000073c   ADC12MEM14
0000073d   ADC12MEM14_H
0000073c   ADC12MEM14_L
0000073e   ADC12MEM15
0000073f   ADC12MEM15_H
0000073e   ADC12MEM15_L
00000723   ADC12MEM1_H
00000722   ADC12MEM1_L
00000724   ADC12MEM2
00000725   ADC12MEM2_H
00000724   ADC12MEM2_L
00000726   ADC12MEM3
00000727   ADC12MEM3_H
00000726   ADC12MEM3_L
00000728   ADC12MEM4
00000729   ADC12MEM4_H
00000728   ADC12MEM4_L
0000072a   ADC12MEM5
0000072b   ADC12MEM5_H
0000072a   ADC12MEM5_L
0000072c   ADC12MEM6
0000072d   ADC12MEM6_H
0000072c   ADC12MEM6_L
0000072e   ADC12MEM7
0000072f   ADC12MEM7_H
0000072e   ADC12MEM7_L
00000730   ADC12MEM8
00000731   ADC12MEM8_H
00000730   ADC12MEM8_L
00000732   ADC12MEM9
00000733   ADC12MEM9_H
00000732   ADC12MEM9_L
000009c0   AESACTL0
000009c1   AESACTL0_H
000009c0   AESACTL0_L
000009c8   AESADIN
000009c9   AESADIN_H
000009c8   AESADIN_L
000009ca   AESADOUT
000009cb   AESADOUT_H
000009ca   AESADOUT_L
000009c6   AESAKEY
000009c7   AESAKEY_H
000009c6   AESAKEY_L
000009c4   AESASTAT
000009c5   AESASTAT_H
000009c4   AESASTAT_L
00009f20   AddOrSubAllLinkGroup
00001e8c   AllLinkAddr
0000bf76   AllLinkBroadcastMessageCheckID
0000b7cc   BroadcastTransmitRfLinkMsg
0000bce8   ByteToChar
0000ca22   C$$EXIT
000008c0   CBCTL0
000008c1   CBCTL0_H
000008c0   CBCTL0_L
000008c2   CBCTL1
000008c3   CBCTL1_H
000008c2   CBCTL1_L
000008c4   CBCTL2
000008c5   CBCTL2_H
000008c4   CBCTL2_L
000008c6   CBCTL3
000008c7   CBCTL3_H
000008c6   CBCTL3_L
000008cc   CBINT
000008cd   CBINT_H
000008cc   CBINT_L
000008ce   CBIV
0000bb36   CC1101_ISR
00000150   CRCDI
00000152   CRCDIRB
00000153   CRCDIRB_H
00000152   CRCDIRB_L
00000151   CRCDI_H
00000150   CRCDI_L
00000154   CRCINIRES
00000155   CRCINIRES_H
00000154   CRCINIRES_L
00000156   CRCRESR
00000157   CRCRESR_H
00000156   CRCRESR_L
0000bbd4   CharToByte
0000a6f8   CheckBroadcastLinkId
0000a59e   CheckBroadcastUnlinkId
0000c374   CheckBufferCheckSum
00001e7e   CleanUpRetry
00001e7c   CleanUpRetryCount
00001e8e   CleanUpStatus
00009d54   ConvertRecvBufCharToByte
00000510   DMA0CTL
00000511   DMA0CTL_H
00000510   DMA0CTL_L
00000516   DMA0DA
00000516   DMA0DAL
00000512   DMA0SA
00000512   DMA0SAL
0000051a   DMA0SZ
00000520   DMA1CTL
00000521   DMA1CTL_H
00000520   DMA1CTL_L
00000526   DMA1DA
00000526   DMA1DAL
00000522   DMA1SA
00000522   DMA1SAL
0000052a   DMA1SZ
00000530   DMA2CTL
00000531   DMA2CTL_H
00000530   DMA2CTL_L
00000536   DMA2DA
00000536   DMA2DAL
00000532   DMA2SA
00000532   DMA2SAL
0000053a   DMA2SZ
00000500   DMACTL0
00000501   DMACTL0_H
00000500   DMACTL0_L
00000502   DMACTL1
00000503   DMACTL1_H
00000502   DMACTL1_L
00000504   DMACTL2
00000505   DMACTL2_H
00000504   DMACTL2_L
00000506   DMACTL3
00000507   DMACTL3_H
00000506   DMACTL3_L
00000508   DMACTL4
00000509   DMACTL4_H
00000508   DMACTL4_L
0000050e   DMAIV
0000050f   DMAIV_H
0000050e   DMAIV_L
0000b370   DirectMsgCheckLinkId
0000b2a6   DirectMsgCheckUnlinkId
00001e82   DirectRetry
00001e80   DirectRetryCount
0000b430   DirectlyTransmitRfLinkMsg
0000c980   Enable_DataWrite
0000c6a0   EraseFirstHalfChip
0000c634   EraseSecondHalfChip
0000c584   EraseSinglePage
00000140   FCTL1
00000141   FCTL1_H
00000140   FCTL1_L
00000144   FCTL3
00000145   FCTL3_H
00000144   FCTL3_L
00000146   FCTL4
00000147   FCTL4_H
00000146   FCTL4_L
00001c00   FlashBuffer
0000c406   GetBufferCheckSum
00001e8a   GroupNum
0000c66a   IOInit
0000c8d2   InitRadio
0000a842   Init_FLL
0000c90e   Init_FlashMemory
00001e72   LinkCat
0000b87e   LinkCompletedMessageSendToUart
0000b92c   LinkExistCompletedMessageSendToUart
00001e86   LinkGroup
00001e85   LinkMode
00001e7a   LinkRetry
00001e78   LinkRetryCount
00001e60   LinkState
00001e73   LinkSubCat
00001e58   LinkTemp
00001e76   LinkTimeCount
000004c4   MAC
000004da   MAC32H
000004db   MAC32H_H
000004da   MAC32H_L
000004d8   MAC32L
000004d9   MAC32L_H
000004d8   MAC32L_L
000004c6   MACS
000004de   MACS32H
000004df   MACS32H_H
000004de   MACS32H_L
000004dc   MACS32L
000004dd   MACS32L_H
000004dc   MACS32L_L
000004c7   MACS_H
000004c6   MACS_L
000004c5   MAC_H
000004c4   MAC_L
000004c0   MPY
000004ec   MPY32CTL0
000004ed   MPY32CTL0_H
000004ec   MPY32CTL0_L
000004d2   MPY32H
000004d3   MPY32H_H
000004d2   MPY32H_L
000004d0   MPY32L
000004d1   MPY32L_H
000004d0   MPY32L_L
000004c2   MPYS
000004d6   MPYS32H
000004d7   MPYS32H_H
000004d6   MPYS32H_L
000004d4   MPYS32L
000004d5   MPYS32L_H
000004d4   MPYS32L_L
000004c3   MPYS_H
000004c2   MPYS_L
000004c1   MPY_H
000004c0   MPY_L
00001de2   ModuleF1
000004c8   OP2
000004e2   OP2H
000004e3   OP2H_H
000004e2   OP2H_L
000004e0   OP2L
000004e1   OP2L_H
000004e0   OP2L_L
000004c9   OP2_H
000004c8   OP2_L
0000020e   P1IV
000001c8   P1MAP01
000001c9   P1MAP01_H
000001c8   P1MAP01_L
000001ca   P1MAP23
000001cb   P1MAP23_H
000001ca   P1MAP23_L
000001cc   P1MAP45
000001cd   P1MAP45_H
000001cc   P1MAP45_L
000001ce   P1MAP67
000001cf   P1MAP67_H
000001ce   P1MAP67_L
0000021e   P2IV
000001d0   P2MAP01
000001d1   P2MAP01_H
000001d0   P2MAP01_L
000001d2   P2MAP23
000001d3   P2MAP23_H
000001d2   P2MAP23_L
000001d4   P2MAP45
000001d5   P2MAP45_H
000001d4   P2MAP45_L
000001d6   P2MAP67
000001d7   P2MAP67_H
000001d6   P2MAP67_L
000001d8   P3MAP01
000001d9   P3MAP01_H
000001d8   P3MAP01_L
000001da   P3MAP23
000001db   P3MAP23_H
000001da   P3MAP23_L
000001dc   P3MAP45
000001dd   P3MAP45_H
000001dc   P3MAP45_L
000001de   P3MAP67
000001df   P3MAP67_H
000001de   P3MAP67_L
00000204   PADIR
00000205   PADIR_H
00000204   PADIR_L
00000208   PADS
00000209   PADS_H
00000208   PADS_L
0000021a   PAIE
00000218   PAIES
00000219   PAIES_H
00000218   PAIES_L
0000021b   PAIE_H
0000021a   PAIE_L
0000021c   PAIFG
0000021d   PAIFG_H
0000021c   PAIFG_L
00000200   PAIN
00000201   PAIN_H
00000200   PAIN_L
00000202   PAOUT
00000203   PAOUT_H
00000202   PAOUT_L
00000206   PAREN
00000207   PAREN_H
00000206   PAREN_L
0000020a   PASEL
0000020b   PASEL_H
0000020a   PASEL_L
00000224   PBDIR
00000225   PBDIR_H
00000224   PBDIR_L
00000228   PBDS
00000229   PBDS_H
00000228   PBDS_L
00000220   PBIN
00000221   PBIN_H
00000220   PBIN_L
00000222   PBOUT
00000223   PBOUT_H
00000222   PBOUT_L
00000226   PBREN
00000227   PBREN_H
00000226   PBREN_L
0000022a   PBSEL
0000022b   PBSEL_H
0000022a   PBSEL_L
00000244   PCDIR
00000245   PCDIR_H
00000244   PCDIR_L
00000248   PCDS
00000249   PCDS_H
00000248   PCDS_L
00000240   PCIN
00000241   PCIN_H
00000240   PCIN_L
00000242   PCOUT
00000243   PCOUT_H
00000242   PCOUT_L
00000246   PCREN
00000247   PCREN_H
00000246   PCREN_L
0000024a   PCSEL
0000024b   PCSEL_H
0000024a   PCSEL_L
00000324   PJDIR
00000325   PJDIR_H
00000324   PJDIR_L
00000328   PJDS
00000329   PJDS_H
00000328   PJDS_L
00000320   PJIN
00000321   PJIN_H
00000320   PJIN_L
00000322   PJOUT
00000323   PJOUT_H
00000322   PJOUT_L
00000326   PJREN
00000327   PJREN_H
00000326   PJREN_L
000001c2   PMAPCTL
000001c3   PMAPCTL_H
000001c2   PMAPCTL_L
000001c0   PMAPKEYID
000001c1   PMAPKEYID_H
000001c0   PMAPKEYID_L
00000120   PMMCTL0
00000121   PMMCTL0_H
00000120   PMMCTL0_L
00000122   PMMCTL1
00000123   PMMCTL1_H
00000122   PMMCTL1_L
0000012c   PMMIFG
0000012d   PMMIFG_H
0000012c   PMMIFG_L
0000012e   PMMRIE
0000012f   PMMRIE_H
0000012e   PMMRIE_L
00000158   RCCTL0
00000159   RCCTL0_H
00000158   RCCTL0_L
000001b0   REFCTL0
000001b1   REFCTL0_H
000001b0   REFCTL0_L
000004e4   RES0
000004e5   RES0_H
000004e4   RES0_L
000004e6   RES1
000004e7   RES1_H
000004e6   RES1_L
000004e8   RES2
000004e9   RES2_H
000004e8   RES2_L
000004ea   RES3
000004eb   RES3_H
000004ea   RES3_L
000004cc   RESHI
000004cd   RESHI_H
000004cc   RESHI_L
000004ca   RESLO
000004cb   RESLO_H
000004ca   RESLO_L
00000f16   RF1ADINW
00000f17   RF1ADINW_H
00000f16   RF1ADINW_L
00000f28   RF1ADOUT0W
00000f29   RF1ADOUT0W_H
00000f28   RF1ADOUT0W_L
00000f2a   RF1ADOUT1W
00000f2b   RF1ADOUT1W_H
00000f2a   RF1ADOUT1W_L
00000f2c   RF1ADOUT2W
00000f2d   RF1ADOUT2W_H
00000f2c   RF1ADOUT2W_L
00000f36   RF1AIE
00000f34   RF1AIES
00000f35   RF1AIES_H
00000f34   RF1AIES_L
00000f37   RF1AIE_H
00000f36   RF1AIE_L
00000f00   RF1AIFCTL0
00000f01   RF1AIFCTL0_H
00000f00   RF1AIFCTL0_L
00000f02   RF1AIFCTL1
00000f03   RF1AIFCTL1_H
00000f02   RF1AIFCTL1_L
00000f04   RF1AIFCTL2
00000f05   RF1AIFCTL2_H
00000f04   RF1AIFCTL2_L
00000f06   RF1AIFERR
00000f0c   RF1AIFERRV
00000f0d   RF1AIFERRV_H
00000f0c   RF1AIFERRV_L
00000f07   RF1AIFERR_H
00000f06   RF1AIFERR_L
00000f32   RF1AIFG
00000f33   RF1AIFG_H
00000f32   RF1AIFG_L
00000f0e   RF1AIFIV
00000f0f   RF1AIFIV_H
00000f0e   RF1AIFIV_L
00000f30   RF1AIN
00000f12   RF1AINSTR1W
00000f13   RF1AINSTR1W_H
00000f12   RF1AINSTR1W_L
00000f14   RF1AINSTR2W
00000f15   RF1AINSTR2W_H
00000f14   RF1AINSTR2W_L
00000f10   RF1AINSTRW
00000f11   RF1AINSTRW_H
00000f10   RF1AINSTRW_L
00000f31   RF1AIN_H
00000f30   RF1AIN_L
00000f38   RF1AIV
00000f39   RF1AIV_H
00000f38   RF1AIV_L
00000f3c   RF1ARXFIFO
00000f3d   RF1ARXFIFO_H
00000f3c   RF1ARXFIFO_L
00000f20   RF1ASTAT0W
00000f21   RF1ASTAT0W_H
00000f20   RF1ASTAT0W_L
00000f22   RF1ASTAT1W
00000f23   RF1ASTAT1W_H
00000f22   RF1ASTAT1W_L
00000f24   RF1ASTAT2W
00000f25   RF1ASTAT2W_H
00000f24   RF1ASTAT2W_L
00000f3e   RF1ATXFIFO
00000f3f   RF1ATXFIFO_H
00000f3e   RF1ATXFIFO_L
00008a58   RFMsgHandle
000004ba   RTCADOWDAY
000004bb   RTCADOWDAY_H
000004ba   RTCADOWDAY_L
000004b8   RTCAMINHR
000004b9   RTCAMINHR_H
000004b8   RTCAMINHR_L
000004a0   RTCCTL01
000004a1   RTCCTL01_H
000004a0   RTCCTL01_L
000004a2   RTCCTL23
000004a3   RTCCTL23_H
000004a2   RTCCTL23_L
000004b4   RTCDATE
000004b5   RTCDATE_H
000004b4   RTCDATE_L
000004ae   RTCIV
000004ac   RTCPS
000004a8   RTCPS0CTL
000004a9   RTCPS0CTL_H
000004a8   RTCPS0CTL_L
000004aa   RTCPS1CTL
000004ab   RTCPS1CTL_H
000004aa   RTCPS1CTL_L
000004ad   RTCPS_H
000004ac   RTCPS_L
000004b0   RTCTIM0
000004b1   RTCTIM0_H
000004b0   RTCTIM0_L
000004b2   RTCTIM1
000004b3   RTCTIM1_H
000004b2   RTCTIM1_L
000004b6   RTCYEAR
000004b7   RTCYEAR_H
000004b6   RTCYEAR_L
0000c20c   ReadBurstReg
0000abbe   ReadConfigData
00001e40   ReadLink
00001e88   ReadLinkDatIndex
0000bff6   ReadNBytes
0000c448   ReadSingleReg
0000c868   ReadStatusRegister
0000c6d4   ReceiveOn
0000ca06   ResetEEpromAllLinkData
0000c992   ResetRadioCore
00001de4   RfRxBuffer
000098b6   RfTransmitDoneHandle
00001e24   RfTxBuffer
00001dc8   RxBuf
00001e90   RxBufferLength
00000100   SFRIE1
00000101   SFRIE1_H
00000100   SFRIE1_L
00000102   SFRIFG1
00000103   SFRIFG1_H
00000102   SFRIFG1_L
00000104   SFRRPCR
00000105   SFRRPCR_H
00000104   SFRRPCR_L
0000c144   SPI_RW_OneByte
000004ce   SUMEXT
000004cf   SUMEXT_H
000004ce   SUMEXT_L
00000124   SVSMHCTL
00000125   SVSMHCTL_H
00000124   SVSMHCTL_L
00000128   SVSMIO
00000129   SVSMIO_H
00000128   SVSMIO_L
00000126   SVSMLCTL
00000127   SVSMLCTL_H
00000126   SVSMLCTL_L
00000198   SYSBERRIV
00000199   SYSBERRIV_H
00000198   SYSBERRIV_L
00000182   SYSBSLC
00000183   SYSBSLC_H
00000182   SYSBSLC_L
00000180   SYSCTL
00000181   SYSCTL_H
00000180   SYSCTL_L
00000186   SYSJMBC
00000187   SYSJMBC_H
00000186   SYSJMBC_L
00000188   SYSJMBI0
00000189   SYSJMBI0_H
00000188   SYSJMBI0_L
0000018a   SYSJMBI1
0000018b   SYSJMBI1_H
0000018a   SYSJMBI1_L
0000018c   SYSJMBO0
0000018d   SYSJMBO0_H
0000018c   SYSJMBO0_L
0000018e   SYSJMBO1
0000018f   SYSJMBO1_H
0000018e   SYSJMBO1_L
0000019e   SYSRSTIV
0000019f   SYSRSTIV_H
0000019e   SYSRSTIV_L
0000019c   SYSSNIV
0000019d   SYSSNIV_H
0000019c   SYSSNIV_L
0000019a   SYSUNIV
0000019b   SYSUNIV_H
0000019a   SYSUNIV_L
0000ad90   SaveAllLinkData
0000a0d4   SendALLLinkGroupCommand
0000c7c4   SendAllLinkCleanUpStatusReport
0000c738   SendChangeALLLinkGroupReport
0000c26c   SendFlashErrorReport
0000b02a   SendRfMessageResponse
0000a42e   SendRfMessageToUart
0000aaa4   SetRFUS38K
0000c0da   SetVCore
0000c958   StartTimer1
0000b4f0   Strobe
00000352   TA0CCR0
00000354   TA0CCR1
00000356   TA0CCR2
00000358   TA0CCR3
0000035a   TA0CCR4
00000342   TA0CCTL0
00000344   TA0CCTL1
00000346   TA0CCTL2
00000348   TA0CCTL3
0000034a   TA0CCTL4
00000340   TA0CTL
00000360   TA0EX0
0000036e   TA0IV
00000350   TA0R
00000392   TA1CCR0
00000394   TA1CCR1
00000396   TA1CCR2
00000382   TA1CCTL0
00000384   TA1CCTL1
00000386   TA1CCTL2
00000380   TA1CTL
000003a0   TA1EX0
000003ae   TA1IV
00000390   TA1R
0000acae   TIMER1_A0_ISR
0000c1a8   Transmit
0000a288   TransmitUartMsgByRf
000005d0   UCA0ABCTL
000005c6   UCA0BRW
000005c7   UCA0BRW_H
000005c6   UCA0BRW_L
000005c0   UCA0CTLW0
000005c1   UCA0CTLW0_H
000005c0   UCA0CTLW0_L
000005dc   UCA0ICTL
000005dd   UCA0ICTL_H
000005dc   UCA0ICTL_L
000005d2   UCA0IRCTL
000005d3   UCA0IRCTL_H
000005d2   UCA0IRCTL_L
000005de   UCA0IV
000005c8   UCA0MCTL
000005cc   UCA0RXBUF
000005ca   UCA0STAT
000005ce   UCA0TXBUF
000005e6   UCB0BRW
000005e7   UCB0BRW_H
000005e6   UCB0BRW_L
000005e0   UCB0CTLW0
000005e1   UCB0CTLW0_H
000005e0   UCB0CTLW0_L
000005f0   UCB0I2COA
000005f1   UCB0I2COA_H
000005f0   UCB0I2COA_L
000005f2   UCB0I2CSA
000005f3   UCB0I2CSA_H
000005f2   UCB0I2CSA_L
000005fc   UCB0ICTL
000005fd   UCB0ICTL_H
000005fc   UCB0ICTL_L
000005fe   UCB0IV
000005ec   UCB0RXBUF
000005ea   UCB0STAT
000005ee   UCB0TXBUF
00000160   UCSCTL0
00000161   UCSCTL0_H
00000160   UCSCTL0_L
00000162   UCSCTL1
00000163   UCSCTL1_H
00000162   UCSCTL1_L
00000164   UCSCTL2
00000165   UCSCTL2_H
00000164   UCSCTL2_L
00000166   UCSCTL3
00000167   UCSCTL3_H
00000166   UCSCTL3_L
00000168   UCSCTL4
00000169   UCSCTL4_H
00000168   UCSCTL4_L
0000016a   UCSCTL5
0000016b   UCSCTL5_H
0000016a   UCSCTL5_L
0000016c   UCSCTL6
0000016d   UCSCTL6_H
0000016c   UCSCTL6_L
0000016e   UCSCTL7
0000016f   UCSCTL7_H
0000016e   UCSCTL7_L
00000170   UCSCTL8
00000171   UCSCTL8_H
00000170   UCSCTL8_L
0000bef4   USCI_A0_ISR
0000b5aa   UartInit
00008000   UartMessageHandle
00001d00   UartRXBuffer
00001e84   UartRXIndex
0000c88c   UartResponse
0000c324   UartSendAck
0000c3be   UartSendRfIspAck
00001d64   UartTXBuffer
0000c768   UartTXMsg
00001e50   UnLinkDat
0000b1d8   UnlinkAllLinkData
0000b9da   UnlinkCompletedMessageSendToUart
0000ba88   UnlinkExistCompletedMessageSendToUart
0000015c   WDTCTL
0000015d   WDTCTL_H
0000015c   WDTCTL_L
0000c2c8   WriteBurstReg
0000bd6c   WriteBytes
00001e48   WriteLink
0000a976   WriteNBytes
0000bc5e   WriteNBytesWithCheck
0000c7ee   WriteSinglePATable
0000c818   WriteSingleReg
0000c8f0   WriteUpdateProgramFlag
00002bfc   __STACK_END
00000050   __STACK_SIZE
0000ca44   __TI_CINIT_Base
0000ca54   __TI_CINIT_Limit
0000ca32   __TI_Handler_Table_Base
0000ca3e   __TI_Handler_Table_Limit
UNDEFED    __TI_INITARRAY_Base
UNDEFED    __TI_INITARRAY_Limit
00000001   __TI_args_main
0000c5c0   __TI_decompress_none
0000c9f8   __TI_decompress_rle24
00000001   __TI_exit
0000c5fc   __TI_zero_init
ffffffff   __binit__
ffffffff   __c_args__
0000c48a   __memcpy_far
0000937e   __mspabi_addd
0000c798   __mspabi_divi
0000c942   __mspabi_divu
0000c9a4   __mspabi_fixdu
0000bdf0   __mspabi_fixdul
0000ca0c   __mspabi_fltud
0000be72   __mspabi_fltuld
00009b10   __mspabi_mpyd
0000c8b0   __mspabi_mpyl_f5hw
0000c798   __mspabi_remi
0000c942   __mspabi_remu
0000c9d8   __mspabi_slll
0000c540   __mspabi_slll_1
0000c51c   __mspabi_slll_10
0000c518   __mspabi_slll_11
0000c514   __mspabi_slll_12
0000c510   __mspabi_slll_13
0000c50c   __mspabi_slll_14
0000c508   __mspabi_slll_15
0000c53c   __mspabi_slll_2
0000c538   __mspabi_slll_3
0000c534   __mspabi_slll_4
0000c530   __mspabi_slll_5
0000c52c   __mspabi_slll_6
0000c528   __mspabi_slll_7
0000c524   __mspabi_slll_8
0000c520   __mspabi_slll_9
0000c9c8   __mspabi_sral
0000c502   __mspabi_sral_1
0000c4de   __mspabi_sral_10
0000c4da   __mspabi_sral_11
0000c4d6   __mspabi_sral_12
0000c4d2   __mspabi_sral_13
0000c4ce   __mspabi_sral_14
0000c4ca   __mspabi_sral_15
0000c4fe   __mspabi_sral_2
0000c4fa   __mspabi_sral_3
0000c4f6   __mspabi_sral_4
0000c4f2   __mspabi_sral_5
0000c4ee   __mspabi_sral_6
0000c4ea   __mspabi_sral_7
0000c4e6   __mspabi_sral_8
0000c4e2   __mspabi_sral_9
0000c9e8   __mspabi_srll
0000c57e   __mspabi_srll_1
0000c55a   __mspabi_srll_10
0000c556   __mspabi_srll_11
0000c552   __mspabi_srll_12
0000c54e   __mspabi_srll_13
0000c54a   __mspabi_srll_14
0000c546   __mspabi_srll_15
0000c57a   __mspabi_srll_2
0000c576   __mspabi_srll_3
0000c572   __mspabi_srll_4
0000c56e   __mspabi_srll_5
0000c56a   __mspabi_srll_6
0000c566   __mspabi_srll_7
0000c562   __mspabi_srll_8
0000c55e   __mspabi_srll_9
0000c706   __mspabi_subd
0000c06c   _auto_init
0000c928   _c_int00
0000c928   _c_int00_noexit
00009656   _frcaddd
000090a4   _frcmpyd
0000b718   _renormd
0000effe   _reset_vector
00002bac   _stack
0000ca1e   _system_pre_init
0000ca22   abort
ffffffff   binit
00001e62   config
00001e6a   configTemp
0000c840   halRfWriteReg
0000af4c   main
0000c9b6   memcpy
00001e74   msCounter
0000ff70   myid1
0000ca12   uart_disable_interrupt
0000ca18   uart_enable_interrupt
0000c96c   uart_transmit_data


GLOBAL SYMBOLS: SORTED BY Symbol Address 

address    name
--------   ----
00000001   __TI_args_main
00000001   __TI_exit
00000050   __STACK_SIZE
00000100   SFRIE1
00000100   SFRIE1_L
00000101   SFRIE1_H
00000102   SFRIFG1
00000102   SFRIFG1_L
00000103   SFRIFG1_H
00000104   SFRRPCR
00000104   SFRRPCR_L
00000105   SFRRPCR_H
00000120   PMMCTL0
00000120   PMMCTL0_L
00000121   PMMCTL0_H
00000122   PMMCTL1
00000122   PMMCTL1_L
00000123   PMMCTL1_H
00000124   SVSMHCTL
00000124   SVSMHCTL_L
00000125   SVSMHCTL_H
00000126   SVSMLCTL
00000126   SVSMLCTL_L
00000127   SVSMLCTL_H
00000128   SVSMIO
00000128   SVSMIO_L
00000129   SVSMIO_H
0000012c   PMMIFG
0000012c   PMMIFG_L
0000012d   PMMIFG_H
0000012e   PMMRIE
0000012e   PMMRIE_L
0000012f   PMMRIE_H
00000140   FCTL1
00000140   FCTL1_L
00000141   FCTL1_H
00000144   FCTL3
00000144   FCTL3_L
00000145   FCTL3_H
00000146   FCTL4
00000146   FCTL4_L
00000147   FCTL4_H
00000150   CRCDI
00000150   CRCDI_L
00000151   CRCDI_H
00000152   CRCDIRB
00000152   CRCDIRB_L
00000153   CRCDIRB_H
00000154   CRCINIRES
00000154   CRCINIRES_L
00000155   CRCINIRES_H
00000156   CRCRESR
00000156   CRCRESR_L
00000157   CRCRESR_H
00000158   RCCTL0
00000158   RCCTL0_L
00000159   RCCTL0_H
0000015c   WDTCTL
0000015c   WDTCTL_L
0000015d   WDTCTL_H
00000160   UCSCTL0
00000160   UCSCTL0_L
00000161   UCSCTL0_H
00000162   UCSCTL1
00000162   UCSCTL1_L
00000163   UCSCTL1_H
00000164   UCSCTL2
00000164   UCSCTL2_L
00000165   UCSCTL2_H
00000166   UCSCTL3
00000166   UCSCTL3_L
00000167   UCSCTL3_H
00000168   UCSCTL4
00000168   UCSCTL4_L
00000169   UCSCTL4_H
0000016a   UCSCTL5
0000016a   UCSCTL5_L
0000016b   UCSCTL5_H
0000016c   UCSCTL6
0000016c   UCSCTL6_L
0000016d   UCSCTL6_H
0000016e   UCSCTL7
0000016e   UCSCTL7_L
0000016f   UCSCTL7_H
00000170   UCSCTL8
00000170   UCSCTL8_L
00000171   UCSCTL8_H
00000180   SYSCTL
00000180   SYSCTL_L
00000181   SYSCTL_H
00000182   SYSBSLC
00000182   SYSBSLC_L
00000183   SYSBSLC_H
00000186   SYSJMBC
00000186   SYSJMBC_L
00000187   SYSJMBC_H
00000188   SYSJMBI0
00000188   SYSJMBI0_L
00000189   SYSJMBI0_H
0000018a   SYSJMBI1
0000018a   SYSJMBI1_L
0000018b   SYSJMBI1_H
0000018c   SYSJMBO0
0000018c   SYSJMBO0_L
0000018d   SYSJMBO0_H
0000018e   SYSJMBO1
0000018e   SYSJMBO1_L
0000018f   SYSJMBO1_H
00000198   SYSBERRIV
00000198   SYSBERRIV_L
00000199   SYSBERRIV_H
0000019a   SYSUNIV
0000019a   SYSUNIV_L
0000019b   SYSUNIV_H
0000019c   SYSSNIV
0000019c   SYSSNIV_L
0000019d   SYSSNIV_H
0000019e   SYSRSTIV
0000019e   SYSRSTIV_L
0000019f   SYSRSTIV_H
000001b0   REFCTL0
000001b0   REFCTL0_L
000001b1   REFCTL0_H
000001c0   PMAPKEYID
000001c0   PMAPKEYID_L
000001c1   PMAPKEYID_H
000001c2   PMAPCTL
000001c2   PMAPCTL_L
000001c3   PMAPCTL_H
000001c8   P1MAP01
000001c8   P1MAP01_L
000001c9   P1MAP01_H
000001ca   P1MAP23
000001ca   P1MAP23_L
000001cb   P1MAP23_H
000001cc   P1MAP45
000001cc   P1MAP45_L
000001cd   P1MAP45_H
000001ce   P1MAP67
000001ce   P1MAP67_L
000001cf   P1MAP67_H
000001d0   P2MAP01
000001d0   P2MAP01_L
000001d1   P2MAP01_H
000001d2   P2MAP23
000001d2   P2MAP23_L
000001d3   P2MAP23_H
000001d4   P2MAP45
000001d4   P2MAP45_L
000001d5   P2MAP45_H
000001d6   P2MAP67
000001d6   P2MAP67_L
000001d7   P2MAP67_H
000001d8   P3MAP01
000001d8   P3MAP01_L
000001d9   P3MAP01_H
000001da   P3MAP23
000001da   P3MAP23_L
000001db   P3MAP23_H
000001dc   P3MAP45
000001dc   P3MAP45_L
000001dd   P3MAP45_H
000001de   P3MAP67
000001de   P3MAP67_L
000001df   P3MAP67_H
00000200   PAIN
00000200   PAIN_L
00000201   PAIN_H
00000202   PAOUT
00000202   PAOUT_L
00000203   PAOUT_H
00000204   PADIR
00000204   PADIR_L
00000205   PADIR_H
00000206   PAREN
00000206   PAREN_L
00000207   PAREN_H
00000208   PADS
00000208   PADS_L
00000209   PADS_H
0000020a   PASEL
0000020a   PASEL_L
0000020b   PASEL_H
0000020e   P1IV
00000218   PAIES
00000218   PAIES_L
00000219   PAIES_H
0000021a   PAIE
0000021a   PAIE_L
0000021b   PAIE_H
0000021c   PAIFG
0000021c   PAIFG_L
0000021d   PAIFG_H
0000021e   P2IV
00000220   PBIN
00000220   PBIN_L
00000221   PBIN_H
00000222   PBOUT
00000222   PBOUT_L
00000223   PBOUT_H
00000224   PBDIR
00000224   PBDIR_L
00000225   PBDIR_H
00000226   PBREN
00000226   PBREN_L
00000227   PBREN_H
00000228   PBDS
00000228   PBDS_L
00000229   PBDS_H
0000022a   PBSEL
0000022a   PBSEL_L
0000022b   PBSEL_H
00000240   PCIN
00000240   PCIN_L
00000241   PCIN_H
00000242   PCOUT
00000242   PCOUT_L
00000243   PCOUT_H
00000244   PCDIR
00000244   PCDIR_L
00000245   PCDIR_H
00000246   PCREN
00000246   PCREN_L
00000247   PCREN_H
00000248   PCDS
00000248   PCDS_L
00000249   PCDS_H
0000024a   PCSEL
0000024a   PCSEL_L
0000024b   PCSEL_H
00000320   PJIN
00000320   PJIN_L
00000321   PJIN_H
00000322   PJOUT
00000322   PJOUT_L
00000323   PJOUT_H
00000324   PJDIR
00000324   PJDIR_L
00000325   PJDIR_H
00000326   PJREN
00000326   PJREN_L
00000327   PJREN_H
00000328   PJDS
00000328   PJDS_L
00000329   PJDS_H
00000340   TA0CTL
00000342   TA0CCTL0
00000344   TA0CCTL1
00000346   TA0CCTL2
00000348   TA0CCTL3
0000034a   TA0CCTL4
00000350   TA0R
00000352   TA0CCR0
00000354   TA0CCR1
00000356   TA0CCR2
00000358   TA0CCR3
0000035a   TA0CCR4
00000360   TA0EX0
0000036e   TA0IV
00000380   TA1CTL
00000382   TA1CCTL0
00000384   TA1CCTL1
00000386   TA1CCTL2
00000390   TA1R
00000392   TA1CCR0
00000394   TA1CCR1
00000396   TA1CCR2
000003a0   TA1EX0
000003ae   TA1IV
000004a0   RTCCTL01
000004a0   RTCCTL01_L
000004a1   RTCCTL01_H
000004a2   RTCCTL23
000004a2   RTCCTL23_L
000004a3   RTCCTL23_H
000004a8   RTCPS0CTL
000004a8   RTCPS0CTL_L
000004a9   RTCPS0CTL_H
000004aa   RTCPS1CTL
000004aa   RTCPS1CTL_L
000004ab   RTCPS1CTL_H
000004ac   RTCPS
000004ac   RTCPS_L
000004ad   RTCPS_H
000004ae   RTCIV
000004b0   RTCTIM0
000004b0   RTCTIM0_L
000004b1   RTCTIM0_H
000004b2   RTCTIM1
000004b2   RTCTIM1_L
000004b3   RTCTIM1_H
000004b4   RTCDATE
000004b4   RTCDATE_L
000004b5   RTCDATE_H
000004b6   RTCYEAR
000004b6   RTCYEAR_L
000004b7   RTCYEAR_H
000004b8   RTCAMINHR
000004b8   RTCAMINHR_L
000004b9   RTCAMINHR_H
000004ba   RTCADOWDAY
000004ba   RTCADOWDAY_L
000004bb   RTCADOWDAY_H
000004c0   MPY
000004c0   MPY_L
000004c1   MPY_H
000004c2   MPYS
000004c2   MPYS_L
000004c3   MPYS_H
000004c4   MAC
000004c4   MAC_L
000004c5   MAC_H
000004c6   MACS
000004c6   MACS_L
000004c7   MACS_H
000004c8   OP2
000004c8   OP2_L
000004c9   OP2_H
000004ca   RESLO
000004ca   RESLO_L
000004cb   RESLO_H
000004cc   RESHI
000004cc   RESHI_L
000004cd   RESHI_H
000004ce   SUMEXT
000004ce   SUMEXT_L
000004cf   SUMEXT_H
000004d0   MPY32L
000004d0   MPY32L_L
000004d1   MPY32L_H
000004d2   MPY32H
000004d2   MPY32H_L
000004d3   MPY32H_H
000004d4   MPYS32L
000004d4   MPYS32L_L
000004d5   MPYS32L_H
000004d6   MPYS32H
000004d6   MPYS32H_L
000004d7   MPYS32H_H
000004d8   MAC32L
000004d8   MAC32L_L
000004d9   MAC32L_H
000004da   MAC32H
000004da   MAC32H_L
000004db   MAC32H_H
000004dc   MACS32L
000004dc   MACS32L_L
000004dd   MACS32L_H
000004de   MACS32H
000004de   MACS32H_L
000004df   MACS32H_H
000004e0   OP2L
000004e0   OP2L_L
000004e1   OP2L_H
000004e2   OP2H
000004e2   OP2H_L
000004e3   OP2H_H
000004e4   RES0
000004e4   RES0_L
000004e5   RES0_H
000004e6   RES1
000004e6   RES1_L
000004e7   RES1_H
000004e8   RES2
000004e8   RES2_L
000004e9   RES2_H
000004ea   RES3
000004ea   RES3_L
000004eb   RES3_H
000004ec   MPY32CTL0
000004ec   MPY32CTL0_L
000004ed   MPY32CTL0_H
00000500   DMACTL0
00000500   DMACTL0_L
00000501   DMACTL0_H
00000502   DMACTL1
00000502   DMACTL1_L
00000503   DMACTL1_H
00000504   DMACTL2
00000504   DMACTL2_L
00000505   DMACTL2_H
00000506   DMACTL3
00000506   DMACTL3_L
00000507   DMACTL3_H
00000508   DMACTL4
00000508   DMACTL4_L
00000509   DMACTL4_H
0000050e   DMAIV
0000050e   DMAIV_L
0000050f   DMAIV_H
00000510   DMA0CTL
00000510   DMA0CTL_L
00000511   DMA0CTL_H
00000512   DMA0SA
00000512   DMA0SAL
00000516   DMA0DA
00000516   DMA0DAL
0000051a   DMA0SZ
00000520   DMA1CTL
00000520   DMA1CTL_L
00000521   DMA1CTL_H
00000522   DMA1SA
00000522   DMA1SAL
00000526   DMA1DA
00000526   DMA1DAL
0000052a   DMA1SZ
00000530   DMA2CTL
00000530   DMA2CTL_L
00000531   DMA2CTL_H
00000532   DMA2SA
00000532   DMA2SAL
00000536   DMA2DA
00000536   DMA2DAL
0000053a   DMA2SZ
000005c0   UCA0CTLW0
000005c0   UCA0CTLW0_L
000005c1   UCA0CTLW0_H
000005c6   UCA0BRW
000005c6   UCA0BRW_L
000005c7   UCA0BRW_H
000005c8   UCA0MCTL
000005ca   UCA0STAT
000005cc   UCA0RXBUF
000005ce   UCA0TXBUF
000005d0   UCA0ABCTL
000005d2   UCA0IRCTL
000005d2   UCA0IRCTL_L
000005d3   UCA0IRCTL_H
000005dc   UCA0ICTL
000005dc   UCA0ICTL_L
000005dd   UCA0ICTL_H
000005de   UCA0IV
000005e0   UCB0CTLW0
000005e0   UCB0CTLW0_L
000005e1   UCB0CTLW0_H
000005e6   UCB0BRW
000005e6   UCB0BRW_L
000005e7   UCB0BRW_H
000005ea   UCB0STAT
000005ec   UCB0RXBUF
000005ee   UCB0TXBUF
000005f0   UCB0I2COA
000005f0   UCB0I2COA_L
000005f1   UCB0I2COA_H
000005f2   UCB0I2CSA
000005f2   UCB0I2CSA_L
000005f3   UCB0I2CSA_H
000005fc   UCB0ICTL
000005fc   UCB0ICTL_L
000005fd   UCB0ICTL_H
000005fe   UCB0IV
00000700   ADC12CTL0
00000700   ADC12CTL0_L
00000701   ADC12CTL0_H
00000702   ADC12CTL1
00000702   ADC12CTL1_L
00000703   ADC12CTL1_H
00000704   ADC12CTL2
00000704   ADC12CTL2_L
00000705   ADC12CTL2_H
0000070a   ADC12IFG
0000070a   ADC12IFG_L
0000070b   ADC12IFG_H
0000070c   ADC12IE
0000070c   ADC12IE_L
0000070d   ADC12IE_H
0000070e   ADC12IV
0000070e   ADC12IV_L
0000070f   ADC12IV_H
00000710   ADC12MCTL0
00000711   ADC12MCTL1
00000712   ADC12MCTL2
00000713   ADC12MCTL3
00000714   ADC12MCTL4
00000715   ADC12MCTL5
00000716   ADC12MCTL6
00000717   ADC12MCTL7
00000718   ADC12MCTL8
00000719   ADC12MCTL9
0000071a   ADC12MCTL10
0000071b   ADC12MCTL11
0000071c   ADC12MCTL12
0000071d   ADC12MCTL13
0000071e   ADC12MCTL14
0000071f   ADC12MCTL15
00000720   ADC12MEM0
00000720   ADC12MEM0_L
00000721   ADC12MEM0_H
00000722   ADC12MEM1
00000722   ADC12MEM1_L
00000723   ADC12MEM1_H
00000724   ADC12MEM2
00000724   ADC12MEM2_L
00000725   ADC12MEM2_H
00000726   ADC12MEM3
00000726   ADC12MEM3_L
00000727   ADC12MEM3_H
00000728   ADC12MEM4
00000728   ADC12MEM4_L
00000729   ADC12MEM4_H
0000072a   ADC12MEM5
0000072a   ADC12MEM5_L
0000072b   ADC12MEM5_H
0000072c   ADC12MEM6
0000072c   ADC12MEM6_L
0000072d   ADC12MEM6_H
0000072e   ADC12MEM7
0000072e   ADC12MEM7_L
0000072f   ADC12MEM7_H
00000730   ADC12MEM8
00000730   ADC12MEM8_L
00000731   ADC12MEM8_H
00000732   ADC12MEM9
00000732   ADC12MEM9_L
00000733   ADC12MEM9_H
00000734   ADC12MEM10
00000734   ADC12MEM10_L
00000735   ADC12MEM10_H
00000736   ADC12MEM11
00000736   ADC12MEM11_L
00000737   ADC12MEM11_H
00000738   ADC12MEM12
00000738   ADC12MEM12_L
00000739   ADC12MEM12_H
0000073a   ADC12MEM13
0000073a   ADC12MEM13_L
0000073b   ADC12MEM13_H
0000073c   ADC12MEM14
0000073c   ADC12MEM14_L
0000073d   ADC12MEM14_H
0000073e   ADC12MEM15
0000073e   ADC12MEM15_L
0000073f   ADC12MEM15_H
000008c0   CBCTL0
000008c0   CBCTL0_L
000008c1   CBCTL0_H
000008c2   CBCTL1
000008c2   CBCTL1_L
000008c3   CBCTL1_H
000008c4   CBCTL2
000008c4   CBCTL2_L
000008c5   CBCTL2_H
000008c6   CBCTL3
000008c6   CBCTL3_L
000008c7   CBCTL3_H
000008cc   CBINT
000008cc   CBINT_L
000008cd   CBINT_H
000008ce   CBIV
000009c0   AESACTL0
000009c0   AESACTL0_L
000009c1   AESACTL0_H
000009c4   AESASTAT
000009c4   AESASTAT_L
000009c5   AESASTAT_H
000009c6   AESAKEY
000009c6   AESAKEY_L
000009c7   AESAKEY_H
000009c8   AESADIN
000009c8   AESADIN_L
000009c9   AESADIN_H
000009ca   AESADOUT
000009ca   AESADOUT_L
000009cb   AESADOUT_H
00000f00   RF1AIFCTL0
00000f00   RF1AIFCTL0_L
00000f01   RF1AIFCTL0_H
00000f02   RF1AIFCTL1
00000f02   RF1AIFCTL1_L
00000f03   RF1AIFCTL1_H
00000f04   RF1AIFCTL2
00000f04   RF1AIFCTL2_L
00000f05   RF1AIFCTL2_H
00000f06   RF1AIFERR
00000f06   RF1AIFERR_L
00000f07   RF1AIFERR_H
00000f0c   RF1AIFERRV
00000f0c   RF1AIFERRV_L
00000f0d   RF1AIFERRV_H
00000f0e   RF1AIFIV
00000f0e   RF1AIFIV_L
00000f0f   RF1AIFIV_H
00000f10   RF1AINSTRW
00000f10   RF1AINSTRW_L
00000f11   RF1AINSTRW_H
00000f12   RF1AINSTR1W
00000f12   RF1AINSTR1W_L
00000f13   RF1AINSTR1W_H
00000f14   RF1AINSTR2W
00000f14   RF1AINSTR2W_L
00000f15   RF1AINSTR2W_H
00000f16   RF1ADINW
00000f16   RF1ADINW_L
00000f17   RF1ADINW_H
00000f20   RF1ASTAT0W
00000f20   RF1ASTAT0W_L
00000f21   RF1ASTAT0W_H
00000f22   RF1ASTAT1W
00000f22   RF1ASTAT1W_L
00000f23   RF1ASTAT1W_H
00000f24   RF1ASTAT2W
00000f24   RF1ASTAT2W_L
00000f25   RF1ASTAT2W_H
00000f28   RF1ADOUT0W
00000f28   RF1ADOUT0W_L
00000f29   RF1ADOUT0W_H
00000f2a   RF1ADOUT1W
00000f2a   RF1ADOUT1W_L
00000f2b   RF1ADOUT1W_H
00000f2c   RF1ADOUT2W
00000f2c   RF1ADOUT2W_L
00000f2d   RF1ADOUT2W_H
00000f30   RF1AIN
00000f30   RF1AIN_L
00000f31   RF1AIN_H
00000f32   RF1AIFG
00000f32   RF1AIFG_L
00000f33   RF1AIFG_H
00000f34   RF1AIES
00000f34   RF1AIES_L
00000f35   RF1AIES_H
00000f36   RF1AIE
00000f36   RF1AIE_L
00000f37   RF1AIE_H
00000f38   RF1AIV
00000f38   RF1AIV_L
00000f39   RF1AIV_H
00000f3c   RF1ARXFIFO
00000f3c   RF1ARXFIFO_L
00000f3d   RF1ARXFIFO_H
00000f3e   RF1ATXFIFO
00000f3e   RF1ATXFIFO_L
00000f3f   RF1ATXFIFO_H
00001c00   FlashBuffer
00001d00   UartRXBuffer
00001d64   UartTXBuffer
00001dc8   RxBuf
00001de2   ModuleF1
00001de4   RfRxBuffer
00001e24   RfTxBuffer
00001e40   ReadLink
00001e48   WriteLink
00001e50   UnLinkDat
00001e58   LinkTemp
00001e60   LinkState
00001e62   config
00001e6a   configTemp
00001e72   LinkCat
00001e73   LinkSubCat
00001e74   msCounter
00001e76   LinkTimeCount
00001e78   LinkRetryCount
00001e7a   LinkRetry
00001e7c   CleanUpRetryCount
00001e7e   CleanUpRetry
00001e80   DirectRetryCount
00001e82   DirectRetry
00001e84   UartRXIndex
00001e85   LinkMode
00001e86   LinkGroup
00001e88   ReadLinkDatIndex
00001e8a   GroupNum
00001e8c   AllLinkAddr
00001e8e   CleanUpStatus
00001e90   RxBufferLength
00002bac   _stack
00002bfc   __STACK_END
00008000   UartMessageHandle
00008a58   RFMsgHandle
000090a4   _frcmpyd
0000937e   __mspabi_addd
00009656   _frcaddd
000098b6   RfTransmitDoneHandle
00009b10   __mspabi_mpyd
00009d54   ConvertRecvBufCharToByte
00009f20   AddOrSubAllLinkGroup
0000a0d4   SendALLLinkGroupCommand
0000a288   TransmitUartMsgByRf
0000a42e   SendRfMessageToUart
0000a59e   CheckBroadcastUnlinkId
0000a6f8   CheckBroadcastLinkId
0000a842   Init_FLL
0000a976   WriteNBytes
0000aaa4   SetRFUS38K
0000abbe   ReadConfigData
0000acae   TIMER1_A0_ISR
0000ad90   SaveAllLinkData
0000af4c   main
0000b02a   SendRfMessageResponse
0000b1d8   UnlinkAllLinkData
0000b2a6   DirectMsgCheckUnlinkId
0000b370   DirectMsgCheckLinkId
0000b430   DirectlyTransmitRfLinkMsg
0000b4f0   Strobe
0000b5aa   UartInit
0000b718   _renormd
0000b7cc   BroadcastTransmitRfLinkMsg
0000b87e   LinkCompletedMessageSendToUart
0000b92c   LinkExistCompletedMessageSendToUart
0000b9da   UnlinkCompletedMessageSendToUart
0000ba88   UnlinkExistCompletedMessageSendToUart
0000bb36   CC1101_ISR
0000bbd4   CharToByte
0000bc5e   WriteNBytesWithCheck
0000bce8   ByteToChar
0000bd6c   WriteBytes
0000bdf0   __mspabi_fixdul
0000be72   __mspabi_fltuld
0000bef4   USCI_A0_ISR
0000bf76   AllLinkBroadcastMessageCheckID
0000bff6   ReadNBytes
0000c06c   _auto_init
0000c0da   SetVCore
0000c144   SPI_RW_OneByte
0000c1a8   Transmit
0000c20c   ReadBurstReg
0000c26c   SendFlashErrorReport
0000c2c8   WriteBurstReg
0000c324   UartSendAck
0000c374   CheckBufferCheckSum
0000c3be   UartSendRfIspAck
0000c406   GetBufferCheckSum
0000c448   ReadSingleReg
0000c48a   __memcpy_far
0000c4ca   __mspabi_sral_15
0000c4ce   __mspabi_sral_14
0000c4d2   __mspabi_sral_13
0000c4d6   __mspabi_sral_12
0000c4da   __mspabi_sral_11
0000c4de   __mspabi_sral_10
0000c4e2   __mspabi_sral_9
0000c4e6   __mspabi_sral_8
0000c4ea   __mspabi_sral_7
0000c4ee   __mspabi_sral_6
0000c4f2   __mspabi_sral_5
0000c4f6   __mspabi_sral_4
0000c4fa   __mspabi_sral_3
0000c4fe   __mspabi_sral_2
0000c502   __mspabi_sral_1
0000c508   __mspabi_slll_15
0000c50c   __mspabi_slll_14
0000c510   __mspabi_slll_13
0000c514   __mspabi_slll_12
0000c518   __mspabi_slll_11
0000c51c   __mspabi_slll_10
0000c520   __mspabi_slll_9
0000c524   __mspabi_slll_8
0000c528   __mspabi_slll_7
0000c52c   __mspabi_slll_6
0000c530   __mspabi_slll_5
0000c534   __mspabi_slll_4
0000c538   __mspabi_slll_3
0000c53c   __mspabi_slll_2
0000c540   __mspabi_slll_1
0000c546   __mspabi_srll_15
0000c54a   __mspabi_srll_14
0000c54e   __mspabi_srll_13
0000c552   __mspabi_srll_12
0000c556   __mspabi_srll_11
0000c55a   __mspabi_srll_10
0000c55e   __mspabi_srll_9
0000c562   __mspabi_srll_8
0000c566   __mspabi_srll_7
0000c56a   __mspabi_srll_6
0000c56e   __mspabi_srll_5
0000c572   __mspabi_srll_4
0000c576   __mspabi_srll_3
0000c57a   __mspabi_srll_2
0000c57e   __mspabi_srll_1
0000c584   EraseSinglePage
0000c5c0   __TI_decompress_none
0000c5fc   __TI_zero_init
0000c634   EraseSecondHalfChip
0000c66a   IOInit
0000c6a0   EraseFirstHalfChip
0000c6d4   ReceiveOn
0000c706   __mspabi_subd
0000c738   SendChangeALLLinkGroupReport
0000c768   UartTXMsg
0000c798   __mspabi_divi
0000c798   __mspabi_remi
0000c7c4   SendAllLinkCleanUpStatusReport
0000c7ee   WriteSinglePATable
0000c818   WriteSingleReg
0000c840   halRfWriteReg
0000c868   ReadStatusRegister
0000c88c   UartResponse
0000c8b0   __mspabi_mpyl_f5hw
0000c8d2   InitRadio
0000c8f0   WriteUpdateProgramFlag
0000c90e   Init_FlashMemory
0000c928   _c_int00
0000c928   _c_int00_noexit
0000c942   __mspabi_divu
0000c942   __mspabi_remu
0000c958   StartTimer1
0000c96c   uart_transmit_data
0000c980   Enable_DataWrite
0000c992   ResetRadioCore
0000c9a4   __mspabi_fixdu
0000c9b6   memcpy
0000c9c8   __mspabi_sral
0000c9d8   __mspabi_slll
0000c9e8   __mspabi_srll
0000c9f8   __TI_decompress_rle24
0000ca06   ResetEEpromAllLinkData
0000ca0c   __mspabi_fltud
0000ca12   uart_disable_interrupt
0000ca18   uart_enable_interrupt
0000ca1e   _system_pre_init
0000ca22   C$$EXIT
0000ca22   abort
0000ca32   __TI_Handler_Table_Base
0000ca3e   __TI_Handler_Table_Limit
0000ca44   __TI_CINIT_Base
0000ca54   __TI_CINIT_Limit
0000effe   _reset_vector
0000ff70   myid1
ffffffff   __binit__
ffffffff   __c_args__
ffffffff   binit
UNDEFED    __TI_INITARRAY_Base
UNDEFED    __TI_INITARRAY_Limit

[823 symbols]
