<?xml version="1.0"?>
<link_info>
   <banner>MSP430 Linker PC v4.1.5</banner>
   <copyright>Copyright (c) 2003-2013 Texas Instruments Incorporated</copyright>
   <link_time>0x56bcf212</link_time>
   <output_file>CC430APP.out</output_file>
   <entry_point>
      <name>_c_int00</name>
      <address>0xc928</address>
   </entry_point>
   <input_file_list>
      <input_file id="fl-2">
         <path>.\5xx_HAL\</path>
         <kind>object</kind>
         <file>hal_pmm.obj</file>
         <name>hal_pmm.obj</name>
      </input_file>
      <input_file id="fl-3">
         <path>.\5xx_HAL\</path>
         <kind>object</kind>
         <file>hal_flash.obj</file>
         <name>hal_flash.obj</name>
      </input_file>
      <input_file id="fl-4">
         <path>.\5xx_HAL\</path>
         <kind>object</kind>
         <file>hal_UCS.obj</file>
         <name>hal_UCS.obj</name>
      </input_file>
      <input_file id="fl-5">
         <path>.\5xx_HAL\</path>
         <kind>object</kind>
         <file>hal_PMAP.obj</file>
         <name>hal_PMAP.obj</name>
      </input_file>
      <input_file id="fl-6">
         <path>.\5xx_HAL\</path>
         <kind>object</kind>
         <file>RF1A.obj</file>
         <name>RF1A.obj</name>
      </input_file>
      <input_file id="fl-7">
         <path>.\AT25DF521\</path>
         <kind>object</kind>
         <file>at25df521.obj</file>
         <name>at25df521.obj</name>
      </input_file>
      <input_file id="fl-8">
         <path>.\</path>
         <kind>object</kind>
         <file>uart.obj</file>
         <name>uart.obj</name>
      </input_file>
      <input_file id="fl-9">
         <path>.\</path>
         <kind>object</kind>
         <file>timer.obj</file>
         <name>timer.obj</name>
      </input_file>
      <input_file id="fl-a">
         <path>.\</path>
         <kind>object</kind>
         <file>setup.obj</file>
         <name>setup.obj</name>
      </input_file>
      <input_file id="fl-b">
         <path>.\</path>
         <kind>object</kind>
         <file>main.obj</file>
         <name>main.obj</name>
      </input_file>
      <input_file id="fl-25">
         <path>C:\ti\ccsv5\tools\compiler\msp430_4.1.5\lib\</path>
         <kind>archive</kind>
         <file>rts430x_lc_sd_eabi.lib</file>
         <name>addd.obj</name>
      </input_file>
      <input_file id="fl-26">
         <path>C:\ti\ccsv5\tools\compiler\msp430_4.1.5\lib\</path>
         <kind>archive</kind>
         <file>rts430x_lc_sd_eabi.lib</file>
         <name>boot.obj</name>
      </input_file>
      <input_file id="fl-27">
         <path>C:\ti\ccsv5\tools\compiler\msp430_4.1.5\lib\</path>
         <kind>archive</kind>
         <file>rts430x_lc_sd_eabi.lib</file>
         <name>copy_decompress_none.obj</name>
      </input_file>
      <input_file id="fl-28">
         <path>C:\ti\ccsv5\tools\compiler\msp430_4.1.5\lib\</path>
         <kind>archive</kind>
         <file>rts430x_lc_sd_eabi.lib</file>
         <name>copy_decompress_rle.obj</name>
      </input_file>
      <input_file id="fl-29">
         <path>C:\ti\ccsv5\tools\compiler\msp430_4.1.5\lib\</path>
         <kind>archive</kind>
         <file>rts430x_lc_sd_eabi.lib</file>
         <name>copy_zero_init.obj</name>
      </input_file>
      <input_file id="fl-2a">
         <path>C:\ti\ccsv5\tools\compiler\msp430_4.1.5\lib\</path>
         <kind>archive</kind>
         <file>rts430x_lc_sd_eabi.lib</file>
         <name>cpy_util.obj</name>
      </input_file>
      <input_file id="fl-2b">
         <path>C:\ti\ccsv5\tools\compiler\msp430_4.1.5\lib\</path>
         <kind>archive</kind>
         <file>rts430x_lc_sd_eabi.lib</file>
         <name>div16s.obj</name>
      </input_file>
      <input_file id="fl-2c">
         <path>C:\ti\ccsv5\tools\compiler\msp430_4.1.5\lib\</path>
         <kind>archive</kind>
         <file>rts430x_lc_sd_eabi.lib</file>
         <name>div16u.obj</name>
      </input_file>
      <input_file id="fl-2d">
         <path>C:\ti\ccsv5\tools\compiler\msp430_4.1.5\lib\</path>
         <kind>archive</kind>
         <file>rts430x_lc_sd_eabi.lib</file>
         <name>exit.obj</name>
      </input_file>
      <input_file id="fl-2e">
         <path>C:\ti\ccsv5\tools\compiler\msp430_4.1.5\lib\</path>
         <kind>archive</kind>
         <file>rts430x_lc_sd_eabi.lib</file>
         <name>fixdu.obj</name>
      </input_file>
      <input_file id="fl-2f">
         <path>C:\ti\ccsv5\tools\compiler\msp430_4.1.5\lib\</path>
         <kind>archive</kind>
         <file>rts430x_lc_sd_eabi.lib</file>
         <name>fixdul.obj</name>
      </input_file>
      <input_file id="fl-30">
         <path>C:\ti\ccsv5\tools\compiler\msp430_4.1.5\lib\</path>
         <kind>archive</kind>
         <file>rts430x_lc_sd_eabi.lib</file>
         <name>fltud.obj</name>
      </input_file>
      <input_file id="fl-31">
         <path>C:\ti\ccsv5\tools\compiler\msp430_4.1.5\lib\</path>
         <kind>archive</kind>
         <file>rts430x_lc_sd_eabi.lib</file>
         <name>fltuld.obj</name>
      </input_file>
      <input_file id="fl-32">
         <path>C:\ti\ccsv5\tools\compiler\msp430_4.1.5\lib\</path>
         <kind>archive</kind>
         <file>rts430x_lc_sd_eabi.lib</file>
         <name>frcaddd.obj</name>
      </input_file>
      <input_file id="fl-33">
         <path>C:\ti\ccsv5\tools\compiler\msp430_4.1.5\lib\</path>
         <kind>archive</kind>
         <file>rts430x_lc_sd_eabi.lib</file>
         <name>lsl32.obj</name>
      </input_file>
      <input_file id="fl-34">
         <path>C:\ti\ccsv5\tools\compiler\msp430_4.1.5\lib\</path>
         <kind>archive</kind>
         <file>rts430x_lc_sd_eabi.lib</file>
         <name>lsr32.obj</name>
      </input_file>
      <input_file id="fl-35">
         <path>C:\ti\ccsv5\tools\compiler\msp430_4.1.5\lib\</path>
         <kind>archive</kind>
         <file>rts430x_lc_sd_eabi.lib</file>
         <name>memcpy.obj</name>
      </input_file>
      <input_file id="fl-36">
         <path>C:\ti\ccsv5\tools\compiler\msp430_4.1.5\lib\</path>
         <kind>archive</kind>
         <file>rts430x_lc_sd_eabi.lib</file>
         <name>mpyd.obj</name>
      </input_file>
      <input_file id="fl-37">
         <path>C:\ti\ccsv5\tools\compiler\msp430_4.1.5\lib\</path>
         <kind>archive</kind>
         <file>rts430x_lc_sd_eabi.lib</file>
         <name>pre_init.obj</name>
      </input_file>
      <input_file id="fl-38">
         <path>C:\ti\ccsv5\tools\compiler\msp430_4.1.5\lib\</path>
         <kind>archive</kind>
         <file>rts430x_lc_sd_eabi.lib</file>
         <name>renormd.obj</name>
      </input_file>
      <input_file id="fl-39">
         <path>C:\ti\ccsv5\tools\compiler\msp430_4.1.5\lib\</path>
         <kind>archive</kind>
         <file>rts430x_lc_sd_eabi.lib</file>
         <name>subd.obj</name>
      </input_file>
      <input_file id="fl-3a">
         <path>C:\ti\ccsv5\tools\compiler\msp430_4.1.5\lib\</path>
         <kind>archive</kind>
         <file>rts430x_lc_sd_eabi.lib</file>
         <name>_lock.obj</name>
      </input_file>
      <input_file id="fl-3b">
         <path>C:\ti\ccsv5\tools\compiler\msp430_4.1.5\lib\</path>
         <kind>archive</kind>
         <file>rts430x_lc_sd_eabi.lib</file>
         <name>args_main.obj</name>
      </input_file>
      <input_file id="fl-3c">
         <path>C:\ti\ccsv5\tools\compiler\msp430_4.1.5\lib\</path>
         <kind>archive</kind>
         <file>rts430x_lc_sd_eabi.lib</file>
         <name>asr32.obj</name>
      </input_file>
      <input_file id="fl-3d">
         <path>C:\ti\ccsv5\tools\compiler\msp430_4.1.5\lib\</path>
         <kind>archive</kind>
         <file>rts430x_lc_sd_eabi.lib</file>
         <name>autoinit.obj</name>
      </input_file>
      <input_file id="fl-3e">
         <path>C:\ti\ccsv5\tools\compiler\msp430_4.1.5\lib\</path>
         <kind>archive</kind>
         <file>rts430x_lc_sd_eabi.lib</file>
         <name>frcmpyd.obj</name>
      </input_file>
      <input_file id="fl-3f">
         <path>C:\ti\ccsv5\tools\compiler\msp430_4.1.5\lib\</path>
         <kind>archive</kind>
         <file>rts430x_lc_sd_eabi.lib</file>
         <name>mult32_f5hw.obj</name>
      </input_file>
   </input_file_list>
   <object_component_list>
      <object_component id="oc-88">
         <name>.stack</name>
         <uninitialized>true</uninitialized>
         <run_address>0x2bac</run_address>
         <size>0x2</size>
         <input_file_ref idref="fl-26"/>
      </object_component>
      <object_component id="oc-39f">
         <name>.stack</name>
         <uninitialized>true</uninitialized>
         <run_address>0x2bac</run_address>
         <size>0x0</size>
      </object_component>
      <object_component id="oc-10f">
         <name>.text:UartMessageHandle</name>
         <load_address>0x8000</load_address>
         <run_address>0x8000</run_address>
         <size>0xa58</size>
         <input_file_ref idref="fl-8"/>
      </object_component>
      <object_component id="oc-12a">
         <name>.text:RFMsgHandle</name>
         <load_address>0x8a58</load_address>
         <run_address>0x8a58</run_address>
         <size>0x64c</size>
         <input_file_ref idref="fl-a"/>
      </object_component>
      <object_component id="oc-277">
         <name>.text:_frcmpyd</name>
         <load_address>0x90a4</load_address>
         <run_address>0x90a4</run_address>
         <size>0x2da</size>
         <input_file_ref idref="fl-3e"/>
      </object_component>
      <object_component id="oc-180">
         <name>.text:__mspabi_addd</name>
         <load_address>0x937e</load_address>
         <run_address>0x937e</run_address>
         <size>0x2d8</size>
         <input_file_ref idref="fl-25"/>
      </object_component>
      <object_component id="oc-27c">
         <name>.text:_frcaddd</name>
         <load_address>0x9656</load_address>
         <run_address>0x9656</run_address>
         <size>0x260</size>
         <input_file_ref idref="fl-32"/>
      </object_component>
      <object_component id="oc-114">
         <name>.text:RfTransmitDoneHandle</name>
         <load_address>0x98b6</load_address>
         <run_address>0x98b6</run_address>
         <size>0x25a</size>
         <input_file_ref idref="fl-a"/>
      </object_component>
      <object_component id="oc-17c">
         <name>.text:__mspabi_mpyd</name>
         <load_address>0x9b10</load_address>
         <run_address>0x9b10</run_address>
         <size>0x244</size>
         <input_file_ref idref="fl-36"/>
      </object_component>
      <object_component id="oc-1a8">
         <name>.text:ConvertRecvBufCharToByte</name>
         <load_address>0x9d54</load_address>
         <run_address>0x9d54</run_address>
         <size>0x1cc</size>
         <input_file_ref idref="fl-8"/>
      </object_component>
      <object_component id="oc-239">
         <name>.text:AddOrSubAllLinkGroup</name>
         <load_address>0x9f20</load_address>
         <run_address>0x9f20</run_address>
         <size>0x1b4</size>
         <input_file_ref idref="fl-a"/>
      </object_component>
      <object_component id="oc-1d0">
         <name>.text:SendALLLinkGroupCommand</name>
         <load_address>0xa0d4</load_address>
         <run_address>0xa0d4</run_address>
         <size>0x1b4</size>
         <input_file_ref idref="fl-a"/>
      </object_component>
      <object_component id="oc-1cb">
         <name>.text:TransmitUartMsgByRf</name>
         <load_address>0xa288</load_address>
         <run_address>0xa288</run_address>
         <size>0x1a6</size>
         <input_file_ref idref="fl-a"/>
      </object_component>
      <object_component id="oc-225">
         <name>.text:SendRfMessageToUart</name>
         <load_address>0xa42e</load_address>
         <run_address>0xa42e</run_address>
         <size>0x170</size>
         <input_file_ref idref="fl-a"/>
      </object_component>
      <object_component id="oc-22f">
         <name>.text:CheckBroadcastUnlinkId</name>
         <load_address>0xa59e</load_address>
         <run_address>0xa59e</run_address>
         <size>0x15a</size>
         <input_file_ref idref="fl-a"/>
      </object_component>
      <object_component id="oc-22a">
         <name>.text:CheckBroadcastLinkId</name>
         <load_address>0xa6f8</load_address>
         <run_address>0xa6f8</run_address>
         <size>0x14a</size>
         <input_file_ref idref="fl-a"/>
      </object_component>
      <object_component id="oc-e7">
         <name>.text:Init_FLL</name>
         <load_address>0xa842</load_address>
         <run_address>0xa842</run_address>
         <size>0x134</size>
         <input_file_ref idref="fl-4"/>
      </object_component>
      <object_component id="oc-18c">
         <name>.text:WriteNBytes</name>
         <load_address>0xa976</load_address>
         <run_address>0xa976</run_address>
         <size>0x12e</size>
         <input_file_ref idref="fl-7"/>
      </object_component>
      <object_component id="oc-163">
         <name>.text:SetRFUS38K</name>
         <load_address>0xaaa4</load_address>
         <run_address>0xaaa4</run_address>
         <size>0x11a</size>
         <input_file_ref idref="fl-6"/>
      </object_component>
      <object_component id="oc-100">
         <name>.text:ReadConfigData</name>
         <load_address>0xabbe</load_address>
         <run_address>0xabbe</run_address>
         <size>0xf0</size>
         <input_file_ref idref="fl-a"/>
      </object_component>
      <object_component id="oc-7a">
         <name>.text:_isr:TIMER1_A0_ISR</name>
         <load_address>0xacae</load_address>
         <run_address>0xacae</run_address>
         <size>0xe2</size>
         <input_file_ref idref="fl-9"/>
      </object_component>
      <object_component id="oc-202">
         <name>.text:SaveAllLinkData</name>
         <load_address>0xad90</load_address>
         <run_address>0xad90</run_address>
         <size>0xde</size>
         <input_file_ref idref="fl-a"/>
      </object_component>
      <object_component id="oc-151">
         <name>.text:SetVCoreUp</name>
         <load_address>0xae6e</load_address>
         <run_address>0xae6e</run_address>
         <size>0xde</size>
         <input_file_ref idref="fl-2"/>
      </object_component>
      <object_component id="oc-92">
         <name>.text:main</name>
         <load_address>0xaf4c</load_address>
         <run_address>0xaf4c</run_address>
         <size>0xde</size>
         <input_file_ref idref="fl-b"/>
      </object_component>
      <object_component id="oc-248">
         <name>.text:SendRfMessageResponse</name>
         <load_address>0xb02a</load_address>
         <run_address>0xb02a</run_address>
         <size>0xd8</size>
         <input_file_ref idref="fl-a"/>
      </object_component>
      <object_component id="oc-ac">
         <name>.text:__TI_decompress_rle_core</name>
         <load_address>0xb102</load_address>
         <run_address>0xb102</run_address>
         <size>0xd6</size>
         <input_file_ref idref="fl-28"/>
      </object_component>
      <object_component id="oc-216">
         <name>.text:UnlinkAllLinkData</name>
         <load_address>0xb1d8</load_address>
         <run_address>0xb1d8</run_address>
         <size>0xce</size>
         <input_file_ref idref="fl-a"/>
      </object_component>
      <object_component id="oc-211">
         <name>.text:DirectMsgCheckUnlinkId</name>
         <load_address>0xb2a6</load_address>
         <run_address>0xb2a6</run_address>
         <size>0xca</size>
         <input_file_ref idref="fl-a"/>
      </object_component>
      <object_component id="oc-1f8">
         <name>.text:DirectMsgCheckLinkId</name>
         <load_address>0xb370</load_address>
         <run_address>0xb370</run_address>
         <size>0xc0</size>
         <input_file_ref idref="fl-a"/>
      </object_component>
      <object_component id="oc-1fd">
         <name>.text:DirectlyTransmitRfLinkMsg</name>
         <load_address>0xb430</load_address>
         <run_address>0xb430</run_address>
         <size>0xc0</size>
         <input_file_ref idref="fl-a"/>
      </object_component>
      <object_component id="oc-13f">
         <name>.text:Strobe</name>
         <load_address>0xb4f0</load_address>
         <run_address>0xb4f0</run_address>
         <size>0xba</size>
         <input_file_ref idref="fl-6"/>
      </object_component>
      <object_component id="oc-fb">
         <name>.text:UartInit</name>
         <load_address>0xb5aa</load_address>
         <run_address>0xb5aa</run_address>
         <size>0xb8</size>
         <input_file_ref idref="fl-8"/>
      </object_component>
      <object_component id="oc-156">
         <name>.text:SetVCoreDown</name>
         <load_address>0xb662</load_address>
         <run_address>0xb662</run_address>
         <size>0xb6</size>
         <input_file_ref idref="fl-2"/>
      </object_component>
      <object_component id="oc-2fc">
         <name>.text:_renormd</name>
         <load_address>0xb718</load_address>
         <run_address>0xb718</run_address>
         <size>0xb4</size>
         <input_file_ref idref="fl-38"/>
      </object_component>
      <object_component id="oc-1d5">
         <name>.text:BroadcastTransmitRfLinkMsg</name>
         <load_address>0xb7cc</load_address>
         <run_address>0xb7cc</run_address>
         <size>0xb2</size>
         <input_file_ref idref="fl-a"/>
      </object_component>
      <object_component id="oc-207">
         <name>.text:LinkCompletedMessageSendToUart</name>
         <load_address>0xb87e</load_address>
         <run_address>0xb87e</run_address>
         <size>0xae</size>
         <input_file_ref idref="fl-a"/>
      </object_component>
      <object_component id="oc-20c">
         <name>.text:LinkExistCompletedMessageSendToUart</name>
         <load_address>0xb92c</load_address>
         <run_address>0xb92c</run_address>
         <size>0xae</size>
         <input_file_ref idref="fl-a"/>
      </object_component>
      <object_component id="oc-21b">
         <name>.text:UnlinkCompletedMessageSendToUart</name>
         <load_address>0xb9da</load_address>
         <run_address>0xb9da</run_address>
         <size>0xae</size>
         <input_file_ref idref="fl-a"/>
      </object_component>
      <object_component id="oc-220">
         <name>.text:UnlinkExistCompletedMessageSendToUart</name>
         <load_address>0xba88</load_address>
         <run_address>0xba88</run_address>
         <size>0xae</size>
         <input_file_ref idref="fl-a"/>
      </object_component>
      <object_component id="oc-82">
         <name>.text:_isr:CC1101_ISR</name>
         <load_address>0xbb36</load_address>
         <run_address>0xbb36</run_address>
         <size>0x9e</size>
         <input_file_ref idref="fl-b"/>
      </object_component>
      <object_component id="oc-1c6">
         <name>.text:CharToByte</name>
         <load_address>0xbbd4</load_address>
         <run_address>0xbbd4</run_address>
         <size>0x8a</size>
         <input_file_ref idref="fl-8"/>
      </object_component>
      <object_component id="oc-1b7">
         <name>.text:WriteNBytesWithCheck</name>
         <load_address>0xbc5e</load_address>
         <run_address>0xbc5e</run_address>
         <size>0x8a</size>
         <input_file_ref idref="fl-7"/>
      </object_component>
      <object_component id="oc-1c1">
         <name>.text:ByteToChar</name>
         <load_address>0xbce8</load_address>
         <run_address>0xbce8</run_address>
         <size>0x84</size>
         <input_file_ref idref="fl-8"/>
      </object_component>
      <object_component id="oc-291">
         <name>.text:WriteBytes</name>
         <load_address>0xbd6c</load_address>
         <run_address>0xbd6c</run_address>
         <size>0x84</size>
         <input_file_ref idref="fl-7"/>
      </object_component>
      <object_component id="oc-267">
         <name>.text:__mspabi_fixdul</name>
         <load_address>0xbdf0</load_address>
         <run_address>0xbdf0</run_address>
         <size>0x82</size>
         <input_file_ref idref="fl-2f"/>
      </object_component>
      <object_component id="oc-271">
         <name>.text:__mspabi_fltuld</name>
         <load_address>0xbe72</load_address>
         <run_address>0xbe72</run_address>
         <size>0x82</size>
         <input_file_ref idref="fl-31"/>
      </object_component>
      <object_component id="oc-74">
         <name>.text:_isr:USCI_A0_ISR</name>
         <load_address>0xbef4</load_address>
         <run_address>0xbef4</run_address>
         <size>0x82</size>
         <input_file_ref idref="fl-8"/>
      </object_component>
      <object_component id="oc-234">
         <name>.text:AllLinkBroadcastMessageCheckID</name>
         <load_address>0xbf76</load_address>
         <run_address>0xbf76</run_address>
         <size>0x80</size>
         <input_file_ref idref="fl-a"/>
      </object_component>
      <object_component id="oc-187">
         <name>.text:ReadNBytes</name>
         <load_address>0xbff6</load_address>
         <run_address>0xbff6</run_address>
         <size>0x76</size>
         <input_file_ref idref="fl-7"/>
      </object_component>
      <object_component id="oc-8e">
         <name>.text:_auto_init</name>
         <load_address>0xc06c</load_address>
         <run_address>0xc06c</run_address>
         <size>0x6e</size>
         <input_file_ref idref="fl-3d"/>
      </object_component>
      <object_component id="oc-dd">
         <name>.text:SetVCore</name>
         <load_address>0xc0da</load_address>
         <run_address>0xc0da</run_address>
         <size>0x6a</size>
         <input_file_ref idref="fl-2"/>
      </object_component>
      <object_component id="oc-283">
         <name>.text:SPI_RW_OneByte</name>
         <load_address>0xc144</load_address>
         <run_address>0xc144</run_address>
         <size>0x64</size>
         <input_file_ref idref="fl-7"/>
      </object_component>
      <object_component id="oc-c5">
         <name>.text:Transmit</name>
         <load_address>0xc1a8</load_address>
         <run_address>0xc1a8</run_address>
         <size>0x64</size>
         <input_file_ref idref="fl-a"/>
      </object_component>
      <object_component id="oc-120">
         <name>.text:ReadBurstReg</name>
         <load_address>0xc20c</load_address>
         <run_address>0xc20c</run_address>
         <size>0x60</size>
         <input_file_ref idref="fl-6"/>
      </object_component>
      <object_component id="oc-191">
         <name>.text:SendFlashErrorReport</name>
         <load_address>0xc26c</load_address>
         <run_address>0xc26c</run_address>
         <size>0x5c</size>
         <input_file_ref idref="fl-8"/>
      </object_component>
      <object_component id="oc-144">
         <name>.text:WriteBurstReg</name>
         <load_address>0xc2c8</load_address>
         <run_address>0xc2c8</run_address>
         <size>0x5c</size>
         <input_file_ref idref="fl-6"/>
      </object_component>
      <object_component id="oc-1b2">
         <name>.text:UartSendAck</name>
         <load_address>0xc324</load_address>
         <run_address>0xc324</run_address>
         <size>0x50</size>
         <input_file_ref idref="fl-8"/>
      </object_component>
      <object_component id="oc-125">
         <name>.text:CheckBufferCheckSum</name>
         <load_address>0xc374</load_address>
         <run_address>0xc374</run_address>
         <size>0x4a</size>
         <input_file_ref idref="fl-a"/>
      </object_component>
      <object_component id="oc-243">
         <name>.text:UartSendRfIspAck</name>
         <load_address>0xc3be</load_address>
         <run_address>0xc3be</run_address>
         <size>0x48</size>
         <input_file_ref idref="fl-a"/>
      </object_component>
      <object_component id="oc-1ec">
         <name>.text:GetBufferCheckSum</name>
         <load_address>0xc406</load_address>
         <run_address>0xc406</run_address>
         <size>0x42</size>
         <input_file_ref idref="fl-a"/>
      </object_component>
      <object_component id="oc-119">
         <name>.text:ReadSingleReg</name>
         <load_address>0xc448</load_address>
         <run_address>0xc448</run_address>
         <size>0x42</size>
         <input_file_ref idref="fl-6"/>
      </object_component>
      <object_component id="oc-9c">
         <name>.text:__memcpy_far</name>
         <load_address>0xc48a</load_address>
         <run_address>0xc48a</run_address>
         <size>0x40</size>
         <input_file_ref idref="fl-2a"/>
      </object_component>
      <object_component id="oc-2ee">
         <name>.text:l_asr_const</name>
         <load_address>0xc4ca</load_address>
         <run_address>0xc4ca</run_address>
         <size>0x3e</size>
         <input_file_ref idref="fl-3c"/>
      </object_component>
      <object_component id="oc-2dc">
         <name>.text:l_lsl_const</name>
         <load_address>0xc508</load_address>
         <run_address>0xc508</run_address>
         <size>0x3e</size>
         <input_file_ref idref="fl-33"/>
      </object_component>
      <object_component id="oc-2e5">
         <name>.text:l_lsr_const</name>
         <load_address>0xc546</load_address>
         <run_address>0xc546</run_address>
         <size>0x3e</size>
         <input_file_ref idref="fl-34"/>
      </object_component>
      <object_component id="oc-28c">
         <name>.text:EraseSinglePage</name>
         <load_address>0xc584</load_address>
         <run_address>0xc584</run_address>
         <size>0x3c</size>
         <input_file_ref idref="fl-7"/>
      </object_component>
      <object_component id="oc-68">
         <name>.text:decompress:none:__TI_decompress_none</name>
         <load_address>0xc5c0</load_address>
         <run_address>0xc5c0</run_address>
         <size>0x3c</size>
         <input_file_ref idref="fl-27"/>
      </object_component>
      <object_component id="oc-6c">
         <name>.text:decompress:ZI:__TI_zero_init</name>
         <load_address>0xc5fc</load_address>
         <run_address>0xc5fc</run_address>
         <size>0x38</size>
         <input_file_ref idref="fl-29"/>
      </object_component>
      <object_component id="oc-1ad">
         <name>.text:EraseSecondHalfChip</name>
         <load_address>0xc634</load_address>
         <run_address>0xc634</run_address>
         <size>0x36</size>
         <input_file_ref idref="fl-7"/>
      </object_component>
      <object_component id="oc-f1">
         <name>.text:IOInit</name>
         <load_address>0xc66a</load_address>
         <run_address>0xc66a</run_address>
         <size>0x36</size>
         <input_file_ref idref="fl-a"/>
      </object_component>
      <object_component id="oc-2b8">
         <name>.text:EraseFirstHalfChip</name>
         <load_address>0xc6a0</load_address>
         <run_address>0xc6a0</run_address>
         <size>0x34</size>
         <input_file_ref idref="fl-7"/>
      </object_component>
      <object_component id="oc-105">
         <name>.text:ReceiveOn</name>
         <load_address>0xc6d4</load_address>
         <run_address>0xc6d4</run_address>
         <size>0x32</size>
         <input_file_ref idref="fl-a"/>
      </object_component>
      <object_component id="oc-178">
         <name>.text:__mspabi_subd</name>
         <load_address>0xc706</load_address>
         <run_address>0xc706</run_address>
         <size>0x32</size>
         <input_file_ref idref="fl-39"/>
      </object_component>
      <object_component id="oc-23e">
         <name>.text:SendChangeALLLinkGroupReport</name>
         <load_address>0xc738</load_address>
         <run_address>0xc738</run_address>
         <size>0x30</size>
         <input_file_ref idref="fl-a"/>
      </object_component>
      <object_component id="oc-1a3">
         <name>.text:UartTXMsg</name>
         <load_address>0xc768</load_address>
         <run_address>0xc768</run_address>
         <size>0x30</size>
         <input_file_ref idref="fl-8"/>
      </object_component>
      <object_component id="oc-2a0">
         <name>.text</name>
         <load_address>0xc798</load_address>
         <run_address>0xc798</run_address>
         <size>0x2c</size>
         <input_file_ref idref="fl-2b"/>
      </object_component>
      <object_component id="oc-1e7">
         <name>.text:SendAllLinkCleanUpStatusReport</name>
         <load_address>0xc7c4</load_address>
         <run_address>0xc7c4</run_address>
         <size>0x2a</size>
         <input_file_ref idref="fl-a"/>
      </object_component>
      <object_component id="oc-168">
         <name>.text:WriteSinglePATable</name>
         <load_address>0xc7ee</load_address>
         <run_address>0xc7ee</run_address>
         <size>0x2a</size>
         <input_file_ref idref="fl-6"/>
      </object_component>
      <object_component id="oc-252">
         <name>.text:WriteSingleReg</name>
         <load_address>0xc818</load_address>
         <run_address>0xc818</run_address>
         <size>0x28</size>
         <input_file_ref idref="fl-6"/>
      </object_component>
      <object_component id="oc-260">
         <name>.text:halRfWriteReg</name>
         <load_address>0xc840</load_address>
         <run_address>0xc840</run_address>
         <size>0x28</size>
         <input_file_ref idref="fl-6"/>
      </object_component>
      <object_component id="oc-2aa">
         <name>.text:ReadStatusRegister</name>
         <load_address>0xc868</load_address>
         <run_address>0xc868</run_address>
         <size>0x24</size>
         <input_file_ref idref="fl-7"/>
      </object_component>
      <object_component id="oc-19e">
         <name>.text:UartResponse</name>
         <load_address>0xc88c</load_address>
         <run_address>0xc88c</run_address>
         <size>0x24</size>
         <input_file_ref idref="fl-8"/>
      </object_component>
      <object_component id="oc-2ea">
         <name>.text</name>
         <load_address>0xc8b0</load_address>
         <run_address>0xc8b0</run_address>
         <size>0x22</size>
         <input_file_ref idref="fl-3f"/>
      </object_component>
      <object_component id="oc-ec">
         <name>.text:InitRadio</name>
         <load_address>0xc8d2</load_address>
         <run_address>0xc8d2</run_address>
         <size>0x1e</size>
         <input_file_ref idref="fl-a"/>
      </object_component>
      <object_component id="oc-1bc">
         <name>.text:WriteUpdateProgramFlag</name>
         <load_address>0xc8f0</load_address>
         <run_address>0xc8f0</run_address>
         <size>0x1e</size>
         <input_file_ref idref="fl-8"/>
      </object_component>
      <object_component id="oc-f6">
         <name>.text:Init_FlashMemory</name>
         <load_address>0xc90e</load_address>
         <run_address>0xc90e</run_address>
         <size>0x1a</size>
         <input_file_ref idref="fl-7"/>
      </object_component>
      <object_component id="oc-63">
         <name>.text:_isr:_c_int00_noexit</name>
         <load_address>0xc928</load_address>
         <run_address>0xc928</run_address>
         <size>0x1a</size>
         <input_file_ref idref="fl-26"/>
      </object_component>
      <object_component id="oc-30a">
         <name>.text</name>
         <load_address>0xc942</load_address>
         <run_address>0xc942</run_address>
         <size>0x16</size>
         <input_file_ref idref="fl-2c"/>
      </object_component>
      <object_component id="oc-10a">
         <name>.text:StartTimer1</name>
         <load_address>0xc958</load_address>
         <run_address>0xc958</run_address>
         <size>0x14</size>
         <input_file_ref idref="fl-9"/>
      </object_component>
      <object_component id="oc-29a">
         <name>.text:uart_transmit_data</name>
         <load_address>0xc96c</load_address>
         <run_address>0xc96c</run_address>
         <size>0x14</size>
         <input_file_ref idref="fl-8"/>
      </object_component>
      <object_component id="oc-2a5">
         <name>.text:Enable_DataWrite</name>
         <load_address>0xc980</load_address>
         <run_address>0xc980</run_address>
         <size>0x12</size>
         <input_file_ref idref="fl-7"/>
      </object_component>
      <object_component id="oc-e2">
         <name>.text:ResetRadioCore</name>
         <load_address>0xc992</load_address>
         <run_address>0xc992</run_address>
         <size>0x12</size>
         <input_file_ref idref="fl-6"/>
      </object_component>
      <object_component id="oc-170">
         <name>.text:__mspabi_fixdu</name>
         <load_address>0xc9a4</load_address>
         <run_address>0xc9a4</run_address>
         <size>0x12</size>
         <input_file_ref idref="fl-2e"/>
      </object_component>
      <object_component id="oc-2c7">
         <name>.text:memcpy</name>
         <load_address>0xc9b6</load_address>
         <run_address>0xc9b6</run_address>
         <size>0x12</size>
         <input_file_ref idref="fl-35"/>
      </object_component>
      <object_component id="oc-2f8">
         <name>.text:l_asr</name>
         <load_address>0xc9c8</load_address>
         <run_address>0xc9c8</run_address>
         <size>0x10</size>
         <input_file_ref idref="fl-3c"/>
      </object_component>
      <object_component id="oc-2f4">
         <name>.text:l_lsl</name>
         <load_address>0xc9d8</load_address>
         <run_address>0xc9d8</run_address>
         <size>0x10</size>
         <input_file_ref idref="fl-33"/>
      </object_component>
      <object_component id="oc-2e0">
         <name>.text:l_lsr</name>
         <load_address>0xc9e8</load_address>
         <run_address>0xc9e8</run_address>
         <size>0x10</size>
         <input_file_ref idref="fl-34"/>
      </object_component>
      <object_component id="oc-70">
         <name>.text:decompress:rle24:__TI_decompress_rle24</name>
         <load_address>0xc9f8</load_address>
         <run_address>0xc9f8</run_address>
         <size>0xe</size>
         <input_file_ref idref="fl-28"/>
      </object_component>
      <object_component id="oc-1da">
         <name>.text:ResetEEpromAllLinkData</name>
         <load_address>0xca06</load_address>
         <run_address>0xca06</run_address>
         <size>0x6</size>
         <input_file_ref idref="fl-a"/>
      </object_component>
      <object_component id="oc-174">
         <name>.text:__mspabi_fltud</name>
         <load_address>0xca0c</load_address>
         <run_address>0xca0c</run_address>
         <size>0x6</size>
         <input_file_ref idref="fl-30"/>
      </object_component>
      <object_component id="oc-199">
         <name>.text:uart_disable_interrupt</name>
         <load_address>0xca12</load_address>
         <run_address>0xca12</run_address>
         <size>0x6</size>
         <input_file_ref idref="fl-8"/>
      </object_component>
      <object_component id="oc-1df">
         <name>.text:uart_enable_interrupt</name>
         <load_address>0xca18</load_address>
         <run_address>0xca18</run_address>
         <size>0x6</size>
         <input_file_ref idref="fl-8"/>
      </object_component>
      <object_component id="oc-8a">
         <name>.text:_system_pre_init</name>
         <load_address>0xca1e</load_address>
         <run_address>0xca1e</run_address>
         <size>0x4</size>
         <input_file_ref idref="fl-37"/>
      </object_component>
      <object_component id="oc-97">
         <name>.text:abort</name>
         <load_address>0xca22</load_address>
         <run_address>0xca22</run_address>
         <size>0x4</size>
         <input_file_ref idref="fl-2d"/>
      </object_component>
      <object_component id="oc-39e">
         <name>.cinit..data.load</name>
         <load_address>0xca26</load_address>
         <run_address>0xca26</run_address>
         <size>0xc</size>
      </object_component>
      <object_component id="oc-39b">
         <name>__TI_handler_table</name>
         <load_address>0xca32</load_address>
         <run_address>0xca32</run_address>
         <size>0xc</size>
      </object_component>
      <object_component id="oc-39d">
         <name>.cinit..bss.load</name>
         <load_address>0xca3e</load_address>
         <run_address>0xca3e</run_address>
         <size>0x6</size>
      </object_component>
      <object_component id="oc-39c">
         <name>__TI_cinit_table</name>
         <load_address>0xca44</load_address>
         <run_address>0xca44</run_address>
         <size>0x10</size>
      </object_component>
      <object_component id="oc-7b">
         <name>.int51</name>
         <load_address>0xefe6</load_address>
         <run_address>0xefe6</run_address>
         <size>0x2</size>
         <input_file_ref idref="fl-9"/>
      </object_component>
      <object_component id="oc-83">
         <name>.int53</name>
         <load_address>0xefea</load_address>
         <run_address>0xefea</run_address>
         <size>0x2</size>
         <input_file_ref idref="fl-b"/>
      </object_component>
      <object_component id="oc-75">
         <name>.int58</name>
         <load_address>0xeff4</load_address>
         <run_address>0xeff4</run_address>
         <size>0x2</size>
         <input_file_ref idref="fl-8"/>
      </object_component>
      <object_component id="oc-64">
         <name>.reset</name>
         <load_address>0xeffe</load_address>
         <run_address>0xeffe</run_address>
         <size>0x2</size>
         <input_file_ref idref="fl-26"/>
      </object_component>
      <object_component id="oc-b9">
         <name>.bss</name>
         <uninitialized>true</uninitialized>
         <run_address>0x1d00</run_address>
         <size>0xe2</size>
         <input_file_ref idref="fl-8"/>
      </object_component>
      <object_component id="oc-bb">
         <name>.bss</name>
         <uninitialized>true</uninitialized>
         <run_address>0x1de2</run_address>
         <size>0x5e</size>
         <input_file_ref idref="fl-b"/>
      </object_component>
      <object_component id="oc-185">
         <name>.bss</name>
         <uninitialized>true</uninitialized>
         <run_address>0x1e40</run_address>
         <size>0x34</size>
         <input_file_ref idref="fl-a"/>
      </object_component>
      <object_component id="oc-28a">
         <name>.bss</name>
         <uninitialized>true</uninitialized>
         <run_address>0x1c00</run_address>
         <size>0x100</size>
         <input_file_ref idref="fl-7"/>
      </object_component>
      <object_component id="oc-b7">
         <name>.data</name>
         <load_address>0x1e84</load_address>
         <run_address>0x1e84</run_address>
         <size>0x6</size>
         <input_file_ref idref="fl-8"/>
      </object_component>
      <object_component id="oc-c3">
         <name>.data</name>
         <load_address>0x1e74</load_address>
         <run_address>0x1e74</run_address>
         <size>0xf</size>
         <input_file_ref idref="fl-9"/>
      </object_component>
      <object_component id="oc-11e">
         <name>.data</name>
         <load_address>0x1e90</load_address>
         <run_address>0x1e90</run_address>
         <size>0x1</size>
         <input_file_ref idref="fl-b"/>
      </object_component>
      <object_component id="oc-1e5">
         <name>.data</name>
         <load_address>0x1e8a</load_address>
         <run_address>0x1e8a</run_address>
         <size>0x5</size>
         <input_file_ref idref="fl-a"/>
      </object_component>
      <object_component id="oc-80">
         <name>.TI.bound:myid1</name>
         <load_address>0xff70</load_address>
         <run_address>0xff70</run_address>
         <size>0x4</size>
         <input_file_ref idref="fl-a"/>
      </object_component>
      <object_component id="oc-65">
         <name>.debug_info</name>
         <load_address>0x0</load_address>
         <run_address>0x0</run_address>
         <size>0x129</size>
         <input_file_ref idref="fl-26"/>
      </object_component>
      <object_component id="oc-69">
         <name>.debug_info</name>
         <load_address>0x129</load_address>
         <run_address>0x129</run_address>
         <size>0x16e</size>
         <input_file_ref idref="fl-27"/>
      </object_component>
      <object_component id="oc-6d">
         <name>.debug_info</name>
         <load_address>0x297</load_address>
         <run_address>0x297</run_address>
         <size>0x1a6</size>
         <input_file_ref idref="fl-29"/>
      </object_component>
      <object_component id="oc-71">
         <name>.debug_info</name>
         <load_address>0x43d</load_address>
         <run_address>0x43d</run_address>
         <size>0x179</size>
         <input_file_ref idref="fl-28"/>
      </object_component>
      <object_component id="oc-76">
         <name>.debug_info</name>
         <load_address>0x5b6</load_address>
         <run_address>0x5b6</run_address>
         <size>0x110</size>
         <input_file_ref idref="fl-8"/>
      </object_component>
      <object_component id="oc-7c">
         <name>.debug_info</name>
         <load_address>0x6c6</load_address>
         <run_address>0x6c6</run_address>
         <size>0x132</size>
         <input_file_ref idref="fl-9"/>
      </object_component>
      <object_component id="oc-81">
         <name>.debug_info</name>
         <load_address>0x7f8</load_address>
         <run_address>0x7f8</run_address>
         <size>0xc8</size>
         <input_file_ref idref="fl-a"/>
      </object_component>
      <object_component id="oc-84">
         <name>.debug_info</name>
         <load_address>0x8c0</load_address>
         <run_address>0x8c0</run_address>
         <size>0xfc</size>
         <input_file_ref idref="fl-b"/>
      </object_component>
      <object_component id="oc-89">
         <name>.debug_info</name>
         <load_address>0x9bc</load_address>
         <run_address>0x9bc</run_address>
         <size>0xaa</size>
         <input_file_ref idref="fl-26"/>
      </object_component>
      <object_component id="oc-8b">
         <name>.debug_info</name>
         <load_address>0xa66</load_address>
         <run_address>0xa66</run_address>
         <size>0x101</size>
         <input_file_ref idref="fl-37"/>
      </object_component>
      <object_component id="oc-8f">
         <name>.debug_info</name>
         <load_address>0xb67</load_address>
         <run_address>0xb67</run_address>
         <size>0x1b0</size>
         <input_file_ref idref="fl-3d"/>
      </object_component>
      <object_component id="oc-93">
         <name>.debug_info</name>
         <load_address>0xd17</load_address>
         <run_address>0xd17</run_address>
         <size>0x30c</size>
         <input_file_ref idref="fl-b"/>
      </object_component>
      <object_component id="oc-98">
         <name>.debug_info</name>
         <load_address>0x1023</load_address>
         <run_address>0x1023</run_address>
         <size>0x121</size>
         <input_file_ref idref="fl-2d"/>
      </object_component>
      <object_component id="oc-9d">
         <name>.debug_info</name>
         <load_address>0x1144</load_address>
         <run_address>0x1144</run_address>
         <size>0xce</size>
         <input_file_ref idref="fl-2a"/>
      </object_component>
      <object_component id="oc-a1">
         <name>.debug_info</name>
         <load_address>0x1212</load_address>
         <run_address>0x1212</run_address>
         <size>0x46</size>
         <input_file_ref idref="fl-27"/>
      </object_component>
      <object_component id="oc-a7">
         <name>.debug_info</name>
         <load_address>0x1258</load_address>
         <run_address>0x1258</run_address>
         <size>0x46</size>
         <input_file_ref idref="fl-29"/>
      </object_component>
      <object_component id="oc-ad">
         <name>.debug_info</name>
         <load_address>0x129e</load_address>
         <run_address>0x129e</run_address>
         <size>0x372</size>
         <input_file_ref idref="fl-28"/>
      </object_component>
      <object_component id="oc-b1">
         <name>.debug_info</name>
         <load_address>0x1610</load_address>
         <run_address>0x1610</run_address>
         <size>0x184</size>
         <input_file_ref idref="fl-28"/>
      </object_component>
      <object_component id="oc-b2">
         <name>.debug_info</name>
         <load_address>0x1794</load_address>
         <run_address>0x1794</run_address>
         <size>0x39</size>
         <input_file_ref idref="fl-28"/>
      </object_component>
      <object_component id="oc-b8">
         <name>.debug_info</name>
         <load_address>0x17cd</load_address>
         <run_address>0x17cd</run_address>
         <size>0x148</size>
         <input_file_ref idref="fl-8"/>
      </object_component>
      <object_component id="oc-ba">
         <name>.debug_info</name>
         <load_address>0x1915</load_address>
         <run_address>0x1915</run_address>
         <size>0x119</size>
         <input_file_ref idref="fl-8"/>
      </object_component>
      <object_component id="oc-bc">
         <name>.debug_info</name>
         <load_address>0x1a2e</load_address>
         <run_address>0x1a2e</run_address>
         <size>0x117</size>
         <input_file_ref idref="fl-b"/>
      </object_component>
      <object_component id="oc-be">
         <name>.debug_info</name>
         <load_address>0x1b45</load_address>
         <run_address>0x1b45</run_address>
         <size>0x90</size>
         <input_file_ref idref="fl-6"/>
      </object_component>
      <object_component id="oc-c4">
         <name>.debug_info</name>
         <load_address>0x1bd5</load_address>
         <run_address>0x1bd5</run_address>
         <size>0x1ff</size>
         <input_file_ref idref="fl-9"/>
      </object_component>
      <object_component id="oc-c6">
         <name>.debug_info</name>
         <load_address>0x1dd4</load_address>
         <run_address>0x1dd4</run_address>
         <size>0x1ed</size>
         <input_file_ref idref="fl-a"/>
      </object_component>
      <object_component id="oc-cd">
         <name>.debug_info</name>
         <load_address>0x1fc1</load_address>
         <run_address>0x1fc1</run_address>
         <size>0x77b</size>
         <input_file_ref idref="fl-a"/>
      </object_component>
      <object_component id="oc-d1">
         <name>.debug_info</name>
         <load_address>0x273c</load_address>
         <run_address>0x273c</run_address>
         <size>0x89</size>
         <input_file_ref idref="fl-26"/>
      </object_component>
      <object_component id="oc-d7">
         <name>.debug_info</name>
         <load_address>0x27c5</load_address>
         <run_address>0x27c5</run_address>
         <size>0x84</size>
         <input_file_ref idref="fl-27"/>
      </object_component>
      <object_component id="oc-de">
         <name>.debug_info</name>
         <load_address>0x2849</load_address>
         <run_address>0x2849</run_address>
         <size>0x230</size>
         <input_file_ref idref="fl-2"/>
      </object_component>
      <object_component id="oc-e3">
         <name>.debug_info</name>
         <load_address>0x2a79</load_address>
         <run_address>0x2a79</run_address>
         <size>0x135</size>
         <input_file_ref idref="fl-6"/>
      </object_component>
      <object_component id="oc-e8">
         <name>.debug_info</name>
         <load_address>0x2bae</load_address>
         <run_address>0x2bae</run_address>
         <size>0x2ca</size>
         <input_file_ref idref="fl-4"/>
      </object_component>
      <object_component id="oc-ed">
         <name>.debug_info</name>
         <load_address>0x2e78</load_address>
         <run_address>0x2e78</run_address>
         <size>0x126</size>
         <input_file_ref idref="fl-a"/>
      </object_component>
      <object_component id="oc-f2">
         <name>.debug_info</name>
         <load_address>0x2f9e</load_address>
         <run_address>0x2f9e</run_address>
         <size>0xf6</size>
         <input_file_ref idref="fl-a"/>
      </object_component>
      <object_component id="oc-f7">
         <name>.debug_info</name>
         <load_address>0x3094</load_address>
         <run_address>0x3094</run_address>
         <size>0x134</size>
         <input_file_ref idref="fl-7"/>
      </object_component>
      <object_component id="oc-fc">
         <name>.debug_info</name>
         <load_address>0x31c8</load_address>
         <run_address>0x31c8</run_address>
         <size>0x192</size>
         <input_file_ref idref="fl-8"/>
      </object_component>
      <object_component id="oc-101">
         <name>.debug_info</name>
         <load_address>0x335a</load_address>
         <run_address>0x335a</run_address>
         <size>0x1f3</size>
         <input_file_ref idref="fl-a"/>
      </object_component>
      <object_component id="oc-106">
         <name>.debug_info</name>
         <load_address>0x354d</load_address>
         <run_address>0x354d</run_address>
         <size>0x109</size>
         <input_file_ref idref="fl-a"/>
      </object_component>
      <object_component id="oc-10b">
         <name>.debug_info</name>
         <load_address>0x3656</load_address>
         <run_address>0x3656</run_address>
         <size>0x100</size>
         <input_file_ref idref="fl-9"/>
      </object_component>
      <object_component id="oc-110">
         <name>.debug_info</name>
         <load_address>0x3756</load_address>
         <run_address>0x3756</run_address>
         <size>0xc2f</size>
         <input_file_ref idref="fl-8"/>
      </object_component>
      <object_component id="oc-115">
         <name>.debug_info</name>
         <load_address>0x4385</load_address>
         <run_address>0x4385</run_address>
         <size>0x32b</size>
         <input_file_ref idref="fl-a"/>
      </object_component>
      <object_component id="oc-11a">
         <name>.debug_info</name>
         <load_address>0x46b0</load_address>
         <run_address>0x46b0</run_address>
         <size>0x1c4</size>
         <input_file_ref idref="fl-6"/>
      </object_component>
      <object_component id="oc-11f">
         <name>.debug_info</name>
         <load_address>0x4874</load_address>
         <run_address>0x4874</run_address>
         <size>0xd9</size>
         <input_file_ref idref="fl-b"/>
      </object_component>
      <object_component id="oc-121">
         <name>.debug_info</name>
         <load_address>0x494d</load_address>
         <run_address>0x494d</run_address>
         <size>0x2df</size>
         <input_file_ref idref="fl-6"/>
      </object_component>
      <object_component id="oc-126">
         <name>.debug_info</name>
         <load_address>0x4c2c</load_address>
         <run_address>0x4c2c</run_address>
         <size>0x1e4</size>
         <input_file_ref idref="fl-a"/>
      </object_component>
      <object_component id="oc-12b">
         <name>.debug_info</name>
         <load_address>0x4e10</load_address>
         <run_address>0x4e10</run_address>
         <size>0x662</size>
         <input_file_ref idref="fl-a"/>
      </object_component>
      <object_component id="oc-139">
         <name>.debug_info</name>
         <load_address>0x5472</load_address>
         <run_address>0x5472</run_address>
         <size>0x661</size>
         <input_file_ref idref="fl-8"/>
      </object_component>
      <object_component id="oc-13c">
         <name>.debug_info</name>
         <load_address>0x5ad3</load_address>
         <run_address>0x5ad3</run_address>
         <size>0x4b4</size>
         <input_file_ref idref="fl-b"/>
      </object_component>
      <object_component id="oc-140">
         <name>.debug_info</name>
         <load_address>0x5f87</load_address>
         <run_address>0x5f87</run_address>
         <size>0x2ed</size>
         <input_file_ref idref="fl-6"/>
      </object_component>
      <object_component id="oc-145">
         <name>.debug_info</name>
         <load_address>0x6274</load_address>
         <run_address>0x6274</run_address>
         <size>0x2ea</size>
         <input_file_ref idref="fl-6"/>
      </object_component>
      <object_component id="oc-14c">
         <name>.debug_info</name>
         <load_address>0x655e</load_address>
         <run_address>0x655e</run_address>
         <size>0x39e</size>
         <input_file_ref idref="fl-8"/>
      </object_component>
      <object_component id="oc-152">
         <name>.debug_info</name>
         <load_address>0x68fc</load_address>
         <run_address>0x68fc</run_address>
         <size>0x3af</size>
         <input_file_ref idref="fl-2"/>
      </object_component>
      <object_component id="oc-157">
         <name>.debug_info</name>
         <load_address>0x6cab</load_address>
         <run_address>0x6cab</run_address>
         <size>0x25a</size>
         <input_file_ref idref="fl-2"/>
      </object_component>
      <object_component id="oc-15c">
         <name>.debug_info</name>
         <load_address>0x6f05</load_address>
         <run_address>0x6f05</run_address>
         <size>0x18b</size>
         <input_file_ref idref="fl-2"/>
      </object_component>
      <object_component id="oc-164">
         <name>.debug_info</name>
         <load_address>0x7090</load_address>
         <run_address>0x7090</run_address>
         <size>0x2f6</size>
         <input_file_ref idref="fl-6"/>
      </object_component>
      <object_component id="oc-169">
         <name>.debug_info</name>
         <load_address>0x7386</load_address>
         <run_address>0x7386</run_address>
         <size>0x21e</size>
         <input_file_ref idref="fl-6"/>
      </object_component>
      <object_component id="oc-171">
         <name>.debug_info</name>
         <load_address>0x75a4</load_address>
         <run_address>0x75a4</run_address>
         <size>0x124</size>
         <input_file_ref idref="fl-2e"/>
      </object_component>
      <object_component id="oc-175">
         <name>.debug_info</name>
         <load_address>0x76c8</load_address>
         <run_address>0x76c8</run_address>
         <size>0x114</size>
         <input_file_ref idref="fl-30"/>
      </object_component>
      <object_component id="oc-179">
         <name>.debug_info</name>
         <load_address>0x77dc</load_address>
         <run_address>0x77dc</run_address>
         <size>0x13d</size>
         <input_file_ref idref="fl-39"/>
      </object_component>
      <object_component id="oc-17d">
         <name>.debug_info</name>
         <load_address>0x7919</load_address>
         <run_address>0x7919</run_address>
         <size>0x138</size>
         <input_file_ref idref="fl-36"/>
      </object_component>
      <object_component id="oc-181">
         <name>.debug_info</name>
         <load_address>0x7a51</load_address>
         <run_address>0x7a51</run_address>
         <size>0x139</size>
         <input_file_ref idref="fl-25"/>
      </object_component>
      <object_component id="oc-186">
         <name>.debug_info</name>
         <load_address>0x7b8a</load_address>
         <run_address>0x7b8a</run_address>
         <size>0x1de</size>
         <input_file_ref idref="fl-a"/>
      </object_component>
      <object_component id="oc-188">
         <name>.debug_info</name>
         <load_address>0x7d68</load_address>
         <run_address>0x7d68</run_address>
         <size>0x281</size>
         <input_file_ref idref="fl-7"/>
      </object_component>
      <object_component id="oc-18d">
         <name>.debug_info</name>
         <load_address>0x7fe9</load_address>
         <run_address>0x7fe9</run_address>
         <size>0x3d8</size>
         <input_file_ref idref="fl-7"/>
      </object_component>
      <object_component id="oc-192">
         <name>.debug_info</name>
         <load_address>0x83c1</load_address>
         <run_address>0x83c1</run_address>
         <size>0x11f</size>
         <input_file_ref idref="fl-8"/>
      </object_component>
      <object_component id="oc-19a">
         <name>.debug_info</name>
         <load_address>0x84e0</load_address>
         <run_address>0x84e0</run_address>
         <size>0x113</size>
         <input_file_ref idref="fl-8"/>
      </object_component>
      <object_component id="oc-19f">
         <name>.debug_info</name>
         <load_address>0x85f3</load_address>
         <run_address>0x85f3</run_address>
         <size>0x10f</size>
         <input_file_ref idref="fl-8"/>
      </object_component>
      <object_component id="oc-1a4">
         <name>.debug_info</name>
         <load_address>0x8702</load_address>
         <run_address>0x8702</run_address>
         <size>0x1d6</size>
         <input_file_ref idref="fl-8"/>
      </object_component>
      <object_component id="oc-1a9">
         <name>.debug_info</name>
         <load_address>0x88d8</load_address>
         <run_address>0x88d8</run_address>
         <size>0x36f</size>
         <input_file_ref idref="fl-8"/>
      </object_component>
      <object_component id="oc-1ae">
         <name>.debug_info</name>
         <load_address>0x8c47</load_address>
         <run_address>0x8c47</run_address>
         <size>0x22f</size>
         <input_file_ref idref="fl-7"/>
      </object_component>
      <object_component id="oc-1b3">
         <name>.debug_info</name>
         <load_address>0x8e76</load_address>
         <run_address>0x8e76</run_address>
         <size>0x189</size>
         <input_file_ref idref="fl-8"/>
      </object_component>
      <object_component id="oc-1b8">
         <name>.debug_info</name>
         <load_address>0x8fff</load_address>
         <run_address>0x8fff</run_address>
         <size>0x2dd</size>
         <input_file_ref idref="fl-7"/>
      </object_component>
      <object_component id="oc-1bd">
         <name>.debug_info</name>
         <load_address>0x92dc</load_address>
         <run_address>0x92dc</run_address>
         <size>0x145</size>
         <input_file_ref idref="fl-8"/>
      </object_component>
      <object_component id="oc-1c2">
         <name>.debug_info</name>
         <load_address>0x9421</load_address>
         <run_address>0x9421</run_address>
         <size>0x161</size>
         <input_file_ref idref="fl-8"/>
      </object_component>
      <object_component id="oc-1c7">
         <name>.debug_info</name>
         <load_address>0x9582</load_address>
         <run_address>0x9582</run_address>
         <size>0x169</size>
         <input_file_ref idref="fl-8"/>
      </object_component>
      <object_component id="oc-1cc">
         <name>.debug_info</name>
         <load_address>0x96eb</load_address>
         <run_address>0x96eb</run_address>
         <size>0x2c1</size>
         <input_file_ref idref="fl-a"/>
      </object_component>
      <object_component id="oc-1d1">
         <name>.debug_info</name>
         <load_address>0x99ac</load_address>
         <run_address>0x99ac</run_address>
         <size>0x2ec</size>
         <input_file_ref idref="fl-a"/>
      </object_component>
      <object_component id="oc-1d6">
         <name>.debug_info</name>
         <load_address>0x9c98</load_address>
         <run_address>0x9c98</run_address>
         <size>0x18e</size>
         <input_file_ref idref="fl-a"/>
      </object_component>
      <object_component id="oc-1db">
         <name>.debug_info</name>
         <load_address>0x9e26</load_address>
         <run_address>0x9e26</run_address>
         <size>0x12f</size>
         <input_file_ref idref="fl-a"/>
      </object_component>
      <object_component id="oc-1e0">
         <name>.debug_info</name>
         <load_address>0x9f55</load_address>
         <run_address>0x9f55</run_address>
         <size>0x111</size>
         <input_file_ref idref="fl-8"/>
      </object_component>
      <object_component id="oc-1e6">
         <name>.debug_info</name>
         <load_address>0xa066</load_address>
         <run_address>0xa066</run_address>
         <size>0x120</size>
         <input_file_ref idref="fl-a"/>
      </object_component>
      <object_component id="oc-1e8">
         <name>.debug_info</name>
         <load_address>0xa186</load_address>
         <run_address>0xa186</run_address>
         <size>0x164</size>
         <input_file_ref idref="fl-a"/>
      </object_component>
      <object_component id="oc-1ed">
         <name>.debug_info</name>
         <load_address>0xa2ea</load_address>
         <run_address>0xa2ea</run_address>
         <size>0x1e0</size>
         <input_file_ref idref="fl-a"/>
      </object_component>
      <object_component id="oc-1f6">
         <name>.debug_info</name>
         <load_address>0xa4ca</load_address>
         <run_address>0xa4ca</run_address>
         <size>0x2b9</size>
         <input_file_ref idref="fl-6"/>
      </object_component>
      <object_component id="oc-1f9">
         <name>.debug_info</name>
         <load_address>0xa783</load_address>
         <run_address>0xa783</run_address>
         <size>0x222</size>
         <input_file_ref idref="fl-a"/>
      </object_component>
      <object_component id="oc-1fe">
         <name>.debug_info</name>
         <load_address>0xa9a5</load_address>
         <run_address>0xa9a5</run_address>
         <size>0x1af</size>
         <input_file_ref idref="fl-a"/>
      </object_component>
      <object_component id="oc-203">
         <name>.debug_info</name>
         <load_address>0xab54</load_address>
         <run_address>0xab54</run_address>
         <size>0x2a4</size>
         <input_file_ref idref="fl-a"/>
      </object_component>
      <object_component id="oc-208">
         <name>.debug_info</name>
         <load_address>0xadf8</load_address>
         <run_address>0xadf8</run_address>
         <size>0x214</size>
         <input_file_ref idref="fl-a"/>
      </object_component>
      <object_component id="oc-20d">
         <name>.debug_info</name>
         <load_address>0xb00c</load_address>
         <run_address>0xb00c</run_address>
         <size>0x21e</size>
         <input_file_ref idref="fl-a"/>
      </object_component>
      <object_component id="oc-212">
         <name>.debug_info</name>
         <load_address>0xb22a</load_address>
         <run_address>0xb22a</run_address>
         <size>0x226</size>
         <input_file_ref idref="fl-a"/>
      </object_component>
      <object_component id="oc-217">
         <name>.debug_info</name>
         <load_address>0xb450</load_address>
         <run_address>0xb450</run_address>
         <size>0x299</size>
         <input_file_ref idref="fl-a"/>
      </object_component>
      <object_component id="oc-21c">
         <name>.debug_info</name>
         <load_address>0xb6e9</load_address>
         <run_address>0xb6e9</run_address>
         <size>0x218</size>
         <input_file_ref idref="fl-a"/>
      </object_component>
      <object_component id="oc-221">
         <name>.debug_info</name>
         <load_address>0xb901</load_address>
         <run_address>0xb901</run_address>
         <size>0x222</size>
         <input_file_ref idref="fl-a"/>
      </object_component>
      <object_component id="oc-226">
         <name>.debug_info</name>
         <load_address>0xbb23</load_address>
         <run_address>0xbb23</run_address>
         <size>0x2ff</size>
         <input_file_ref idref="fl-a"/>
      </object_component>
      <object_component id="oc-22b">
         <name>.debug_info</name>
         <load_address>0xbe22</load_address>
         <run_address>0xbe22</run_address>
         <size>0x2cb</size>
         <input_file_ref idref="fl-a"/>
      </object_component>
      <object_component id="oc-230">
         <name>.debug_info</name>
         <load_address>0xc0ed</load_address>
         <run_address>0xc0ed</run_address>
         <size>0x2cf</size>
         <input_file_ref idref="fl-a"/>
      </object_component>
      <object_component id="oc-235">
         <name>.debug_info</name>
         <load_address>0xc3bc</load_address>
         <run_address>0xc3bc</run_address>
         <size>0x200</size>
         <input_file_ref idref="fl-a"/>
      </object_component>
      <object_component id="oc-23a">
         <name>.debug_info</name>
         <load_address>0xc5bc</load_address>
         <run_address>0xc5bc</run_address>
         <size>0x409</size>
         <input_file_ref idref="fl-a"/>
      </object_component>
      <object_component id="oc-23f">
         <name>.debug_info</name>
         <load_address>0xc9c5</load_address>
         <run_address>0xc9c5</run_address>
         <size>0x171</size>
         <input_file_ref idref="fl-a"/>
      </object_component>
      <object_component id="oc-244">
         <name>.debug_info</name>
         <load_address>0xcb36</load_address>
         <run_address>0xcb36</run_address>
         <size>0x16e</size>
         <input_file_ref idref="fl-a"/>
      </object_component>
      <object_component id="oc-249">
         <name>.debug_info</name>
         <load_address>0xcca4</load_address>
         <run_address>0xcca4</run_address>
         <size>0x18c</size>
         <input_file_ref idref="fl-a"/>
      </object_component>
      <object_component id="oc-253">
         <name>.debug_info</name>
         <load_address>0xce30</load_address>
         <run_address>0xce30</run_address>
         <size>0x1cf</size>
         <input_file_ref idref="fl-6"/>
      </object_component>
      <object_component id="oc-25b">
         <name>.debug_info</name>
         <load_address>0xcfff</load_address>
         <run_address>0xcfff</run_address>
         <size>0x89</size>
         <input_file_ref idref="fl-2"/>
      </object_component>
      <object_component id="oc-261">
         <name>.debug_info</name>
         <load_address>0xd088</load_address>
         <run_address>0xd088</run_address>
         <size>0x1da</size>
         <input_file_ref idref="fl-6"/>
      </object_component>
      <object_component id="oc-268">
         <name>.debug_info</name>
         <load_address>0xd262</load_address>
         <run_address>0xd262</run_address>
         <size>0x13c</size>
         <input_file_ref idref="fl-2f"/>
      </object_component>
      <object_component id="oc-26c">
         <name>.debug_info</name>
         <load_address>0xd39e</load_address>
         <run_address>0xd39e</run_address>
         <size>0x8b</size>
         <input_file_ref idref="fl-25"/>
      </object_component>
      <object_component id="oc-272">
         <name>.debug_info</name>
         <load_address>0xd429</load_address>
         <run_address>0xd429</run_address>
         <size>0x1a4</size>
         <input_file_ref idref="fl-31"/>
      </object_component>
      <object_component id="oc-278">
         <name>.debug_info</name>
         <load_address>0xd5cd</load_address>
         <run_address>0xd5cd</run_address>
         <size>0x2c1</size>
         <input_file_ref idref="fl-3e"/>
      </object_component>
      <object_component id="oc-27d">
         <name>.debug_info</name>
         <load_address>0xd88e</load_address>
         <run_address>0xd88e</run_address>
         <size>0x16d</size>
         <input_file_ref idref="fl-32"/>
      </object_component>
      <object_component id="oc-284">
         <name>.debug_info</name>
         <load_address>0xd9fb</load_address>
         <run_address>0xd9fb</run_address>
         <size>0x23b</size>
         <input_file_ref idref="fl-7"/>
      </object_component>
      <object_component id="oc-289">
         <name>.debug_info</name>
         <load_address>0xdc36</load_address>
         <run_address>0xdc36</run_address>
         <size>0x1e4</size>
         <input_file_ref idref="fl-7"/>
      </object_component>
      <object_component id="oc-28b">
         <name>.debug_info</name>
         <load_address>0xde1a</load_address>
         <run_address>0xde1a</run_address>
         <size>0xe2</size>
         <input_file_ref idref="fl-7"/>
      </object_component>
      <object_component id="oc-28d">
         <name>.debug_info</name>
         <load_address>0xdefc</load_address>
         <run_address>0xdefc</run_address>
         <size>0x24a</size>
         <input_file_ref idref="fl-7"/>
      </object_component>
      <object_component id="oc-292">
         <name>.debug_info</name>
         <load_address>0xe146</load_address>
         <run_address>0xe146</run_address>
         <size>0x322</size>
         <input_file_ref idref="fl-7"/>
      </object_component>
      <object_component id="oc-29b">
         <name>.debug_info</name>
         <load_address>0xe468</load_address>
         <run_address>0xe468</run_address>
         <size>0x18f</size>
         <input_file_ref idref="fl-8"/>
      </object_component>
      <object_component id="oc-2a1">
         <name>.debug_info</name>
         <load_address>0xe5f7</load_address>
         <run_address>0xe5f7</run_address>
         <size>0xe9</size>
         <input_file_ref idref="fl-2b"/>
      </object_component>
      <object_component id="oc-2a6">
         <name>.debug_info</name>
         <load_address>0xe6e0</load_address>
         <run_address>0xe6e0</run_address>
         <size>0x149</size>
         <input_file_ref idref="fl-7"/>
      </object_component>
      <object_component id="oc-2ab">
         <name>.debug_info</name>
         <load_address>0xe829</load_address>
         <run_address>0xe829</run_address>
         <size>0x17c</size>
         <input_file_ref idref="fl-7"/>
      </object_component>
      <object_component id="oc-2b9">
         <name>.debug_info</name>
         <load_address>0xe9a5</load_address>
         <run_address>0xe9a5</run_address>
         <size>0x22d</size>
         <input_file_ref idref="fl-7"/>
      </object_component>
      <object_component id="oc-2c8">
         <name>.debug_info</name>
         <load_address>0xebd2</load_address>
         <run_address>0xebd2</run_address>
         <size>0x160</size>
         <input_file_ref idref="fl-35"/>
      </object_component>
      <object_component id="oc-2dd">
         <name>.debug_info</name>
         <load_address>0xed32</load_address>
         <run_address>0xed32</run_address>
         <size>0xda</size>
         <input_file_ref idref="fl-33"/>
      </object_component>
      <object_component id="oc-2e1">
         <name>.debug_info</name>
         <load_address>0xee0c</load_address>
         <run_address>0xee0c</run_address>
         <size>0xd4</size>
         <input_file_ref idref="fl-34"/>
      </object_component>
      <object_component id="oc-2e6">
         <name>.debug_info</name>
         <load_address>0xeee0</load_address>
         <run_address>0xeee0</run_address>
         <size>0xda</size>
         <input_file_ref idref="fl-34"/>
      </object_component>
      <object_component id="oc-2eb">
         <name>.debug_info</name>
         <load_address>0xefba</load_address>
         <run_address>0xefba</run_address>
         <size>0xe4</size>
         <input_file_ref idref="fl-3f"/>
      </object_component>
      <object_component id="oc-2ef">
         <name>.debug_info</name>
         <load_address>0xf09e</load_address>
         <run_address>0xf09e</run_address>
         <size>0xda</size>
         <input_file_ref idref="fl-3c"/>
      </object_component>
      <object_component id="oc-2f3">
         <name>.debug_info</name>
         <load_address>0xf178</load_address>
         <run_address>0xf178</run_address>
         <size>0x11c</size>
         <input_file_ref idref="fl-3e"/>
      </object_component>
      <object_component id="oc-2f5">
         <name>.debug_info</name>
         <load_address>0xf294</load_address>
         <run_address>0xf294</run_address>
         <size>0xd4</size>
         <input_file_ref idref="fl-33"/>
      </object_component>
      <object_component id="oc-2f9">
         <name>.debug_info</name>
         <load_address>0xf368</load_address>
         <run_address>0xf368</run_address>
         <size>0xd4</size>
         <input_file_ref idref="fl-3c"/>
      </object_component>
      <object_component id="oc-2fd">
         <name>.debug_info</name>
         <load_address>0xf43c</load_address>
         <run_address>0xf43c</run_address>
         <size>0x218</size>
         <input_file_ref idref="fl-38"/>
      </object_component>
      <object_component id="oc-301">
         <name>.debug_info</name>
         <load_address>0xf654</load_address>
         <run_address>0xf654</run_address>
         <size>0x142</size>
         <input_file_ref idref="fl-32"/>
      </object_component>
      <object_component id="oc-30b">
         <name>.debug_info</name>
         <load_address>0xf796</load_address>
         <run_address>0xf796</run_address>
         <size>0xd5</size>
         <input_file_ref idref="fl-2c"/>
      </object_component>
      <object_component id="oc-313">
         <name>.debug_info</name>
         <load_address>0xf86b</load_address>
         <run_address>0xf86b</run_address>
         <size>0x112</size>
         <input_file_ref idref="fl-35"/>
      </object_component>
      <object_component id="oc-314">
         <name>.debug_info</name>
         <load_address>0xf97d</load_address>
         <run_address>0xf97d</run_address>
         <size>0x2c</size>
         <input_file_ref idref="fl-28"/>
      </object_component>
      <object_component id="oc-320">
         <name>.debug_info</name>
         <load_address>0xf9a9</load_address>
         <run_address>0xf9a9</run_address>
         <size>0x109</size>
         <input_file_ref idref="fl-25"/>
      </object_component>
      <object_component id="oc-328">
         <name>.debug_info</name>
         <load_address>0xfab2</load_address>
         <run_address>0xfab2</run_address>
         <size>0x11c</size>
         <input_file_ref idref="fl-38"/>
      </object_component>
      <object_component id="oc-32e">
         <name>.debug_info</name>
         <load_address>0xfbce</load_address>
         <run_address>0xfbce</run_address>
         <size>0x90</size>
         <input_file_ref idref="fl-35"/>
      </object_component>
      <object_component id="oc-3a0">
         <name>.debug_info</name>
         <load_address>0xfc5e</load_address>
         <run_address>0xfc5e</run_address>
         <size>0xa3</size>
      </object_component>
      <object_component id="oc-66">
         <name>.debug_line</name>
         <load_address>0x0</load_address>
         <run_address>0x0</run_address>
         <size>0x3b</size>
         <input_file_ref idref="fl-26"/>
      </object_component>
      <object_component id="oc-6a">
         <name>.debug_line</name>
         <load_address>0x3b</load_address>
         <run_address>0x3b</run_address>
         <size>0x4f</size>
         <input_file_ref idref="fl-27"/>
      </object_component>
      <object_component id="oc-6e">
         <name>.debug_line</name>
         <load_address>0x8a</load_address>
         <run_address>0x8a</run_address>
         <size>0x4a</size>
         <input_file_ref idref="fl-29"/>
      </object_component>
      <object_component id="oc-72">
         <name>.debug_line</name>
         <load_address>0xd4</load_address>
         <run_address>0xd4</run_address>
         <size>0x4a</size>
         <input_file_ref idref="fl-28"/>
      </object_component>
      <object_component id="oc-77">
         <name>.debug_line</name>
         <load_address>0x11e</load_address>
         <run_address>0x11e</run_address>
         <size>0x72</size>
         <input_file_ref idref="fl-8"/>
      </object_component>
      <object_component id="oc-7d">
         <name>.debug_line</name>
         <load_address>0x190</load_address>
         <run_address>0x190</run_address>
         <size>0x83</size>
         <input_file_ref idref="fl-9"/>
      </object_component>
      <object_component id="oc-85">
         <name>.debug_line</name>
         <load_address>0x213</load_address>
         <run_address>0x213</run_address>
         <size>0x63</size>
         <input_file_ref idref="fl-b"/>
      </object_component>
      <object_component id="oc-8c">
         <name>.debug_line</name>
         <load_address>0x276</load_address>
         <run_address>0x276</run_address>
         <size>0x3c</size>
         <input_file_ref idref="fl-37"/>
      </object_component>
      <object_component id="oc-90">
         <name>.debug_line</name>
         <load_address>0x2b2</load_address>
         <run_address>0x2b2</run_address>
         <size>0x50</size>
         <input_file_ref idref="fl-3d"/>
      </object_component>
      <object_component id="oc-94">
         <name>.debug_line</name>
         <load_address>0x302</load_address>
         <run_address>0x302</run_address>
         <size>0x8b</size>
         <input_file_ref idref="fl-b"/>
      </object_component>
      <object_component id="oc-99">
         <name>.debug_line</name>
         <load_address>0x38d</load_address>
         <run_address>0x38d</run_address>
         <size>0x38</size>
         <input_file_ref idref="fl-2d"/>
      </object_component>
      <object_component id="oc-9e">
         <name>.debug_line</name>
         <load_address>0x3c5</load_address>
         <run_address>0x3c5</run_address>
         <size>0x52</size>
         <input_file_ref idref="fl-2a"/>
      </object_component>
      <object_component id="oc-a3">
         <name>.debug_line</name>
         <load_address>0x417</load_address>
         <run_address>0x417</run_address>
         <size>0x3a</size>
         <input_file_ref idref="fl-27"/>
      </object_component>
      <object_component id="oc-a9">
         <name>.debug_line</name>
         <load_address>0x451</load_address>
         <run_address>0x451</run_address>
         <size>0x34</size>
         <input_file_ref idref="fl-29"/>
      </object_component>
      <object_component id="oc-ae">
         <name>.debug_line</name>
         <load_address>0x485</load_address>
         <run_address>0x485</run_address>
         <size>0x56</size>
         <input_file_ref idref="fl-28"/>
      </object_component>
      <object_component id="oc-b4">
         <name>.debug_line</name>
         <load_address>0x4db</load_address>
         <run_address>0x4db</run_address>
         <size>0x39</size>
         <input_file_ref idref="fl-28"/>
      </object_component>
      <object_component id="oc-c0">
         <name>.debug_line</name>
         <load_address>0x514</load_address>
         <run_address>0x514</run_address>
         <size>0x20</size>
         <input_file_ref idref="fl-6"/>
      </object_component>
      <object_component id="oc-c7">
         <name>.debug_line</name>
         <load_address>0x534</load_address>
         <run_address>0x534</run_address>
         <size>0x51</size>
         <input_file_ref idref="fl-a"/>
      </object_component>
      <object_component id="oc-cc">
         <name>.debug_line</name>
         <load_address>0x585</load_address>
         <run_address>0x585</run_address>
         <size>0x2e</size>
         <input_file_ref idref="fl-a"/>
      </object_component>
      <object_component id="oc-d0">
         <name>.debug_line</name>
         <load_address>0x5b3</load_address>
         <run_address>0x5b3</run_address>
         <size>0x2a</size>
         <input_file_ref idref="fl-26"/>
      </object_component>
      <object_component id="oc-d3">
         <name>.debug_line</name>
         <load_address>0x5dd</load_address>
         <run_address>0x5dd</run_address>
         <size>0x20</size>
         <input_file_ref idref="fl-26"/>
      </object_component>
      <object_component id="oc-d9">
         <name>.debug_line</name>
         <load_address>0x5fd</load_address>
         <run_address>0x5fd</run_address>
         <size>0x20</size>
         <input_file_ref idref="fl-27"/>
      </object_component>
      <object_component id="oc-df">
         <name>.debug_line</name>
         <load_address>0x61d</load_address>
         <run_address>0x61d</run_address>
         <size>0x60</size>
         <input_file_ref idref="fl-2"/>
      </object_component>
      <object_component id="oc-e4">
         <name>.debug_line</name>
         <load_address>0x67d</load_address>
         <run_address>0x67d</run_address>
         <size>0x4c</size>
         <input_file_ref idref="fl-6"/>
      </object_component>
      <object_component id="oc-e9">
         <name>.debug_line</name>
         <load_address>0x6c9</load_address>
[...]
      </symbol>
      <symbol id="sm-885">
         <name>Transmit</name>
         <value>0xc1a8</value>
         <object_component_ref idref="oc-c5"/>
      </symbol>
      <symbol id="sm-886">
         <name>RFMsgHandle</name>
         <value>0x8a58</value>
         <object_component_ref idref="oc-12a"/>
      </symbol>
      <symbol id="sm-887">
         <name>LinkCompletedMessageSendToUart</name>
         <value>0xb87e</value>
         <object_component_ref idref="oc-207"/>
      </symbol>
      <symbol id="sm-888">
         <name>ReadLink</name>
         <value>0x1e40</value>
         <object_component_ref idref="oc-185"/>
      </symbol>
      <symbol id="sm-889">
         <name>CheckBroadcastLinkId</name>
         <value>0xa6f8</value>
         <object_component_ref idref="oc-22a"/>
      </symbol>
      <symbol id="sm-88a">
         <name>configTemp</name>
         <value>0x1e6a</value>
         <object_component_ref idref="oc-185"/>
      </symbol>
      <symbol id="sm-88b">
         <name>ResetEEpromAllLinkData</name>
         <value>0xca06</value>
         <object_component_ref idref="oc-1da"/>
      </symbol>
      <symbol id="sm-88c">
         <name>AllLinkAddr</name>
         <value>0x1e8c</value>
         <object_component_ref idref="oc-1e5"/>
      </symbol>
      <symbol id="sm-88d">
         <name>LinkExistCompletedMessageSendToUart</name>
         <value>0xb92c</value>
         <object_component_ref idref="oc-20c"/>
      </symbol>
      <symbol id="sm-88e">
         <name>SendAllLinkCleanUpStatusReport</name>
         <value>0xc7c4</value>
         <object_component_ref idref="oc-1e7"/>
      </symbol>
      <symbol id="sm-88f">
         <name>config</name>
         <value>0x1e62</value>
         <object_component_ref idref="oc-185"/>
      </symbol>
      <symbol id="sm-890">
         <name>GetBufferCheckSum</name>
         <value>0xc406</value>
         <object_component_ref idref="oc-1ec"/>
      </symbol>
      <symbol id="sm-891">
         <name>SendRfMessageToUart</name>
         <value>0xa42e</value>
         <object_component_ref idref="oc-225"/>
      </symbol>
      <symbol id="sm-892">
         <name>ReadConfigData</name>
         <value>0xabbe</value>
         <object_component_ref idref="oc-100"/>
      </symbol>
      <symbol id="sm-893">
         <name>LinkTemp</name>
         <value>0x1e58</value>
         <object_component_ref idref="oc-185"/>
      </symbol>
      <symbol id="sm-894">
         <name>DirectlyTransmitRfLinkMsg</name>
         <value>0xb430</value>
         <object_component_ref idref="oc-1fd"/>
      </symbol>
      <symbol id="sm-895">
         <name>GroupNum</name>
         <value>0x1e8a</value>
         <object_component_ref idref="oc-1e5"/>
      </symbol>
      <symbol id="sm-896">
         <name>SaveAllLinkData</name>
         <value>0xad90</value>
         <object_component_ref idref="oc-202"/>
      </symbol>
      <symbol id="sm-897">
         <name>myid1</name>
         <value>0xff70</value>
         <object_component_ref idref="oc-80"/>
      </symbol>
      <symbol id="sm-898">
         <name>InitRadio</name>
         <value>0xc8d2</value>
         <object_component_ref idref="oc-ec"/>
      </symbol>
      <symbol id="sm-899">
         <name>DirectMsgCheckUnlinkId</name>
         <value>0xb2a6</value>
         <object_component_ref idref="oc-211"/>
      </symbol>
      <symbol id="sm-89a">
         <name>CheckBufferCheckSum</name>
         <value>0xc374</value>
         <object_component_ref idref="oc-125"/>
      </symbol>
      <symbol id="sm-89b">
         <name>LinkSubCat</name>
         <value>0x1e73</value>
         <object_component_ref idref="oc-185"/>
      </symbol>
      <symbol id="sm-89c">
         <name>SendALLLinkGroupCommand</name>
         <value>0xa0d4</value>
         <object_component_ref idref="oc-1d0"/>
      </symbol>
      <symbol id="sm-89d">
         <name>UnlinkExistCompletedMessageSendToUart</name>
         <value>0xba88</value>
         <object_component_ref idref="oc-220"/>
      </symbol>
      <symbol id="sm-89e">
         <name>ReceiveOn</name>
         <value>0xc6d4</value>
         <object_component_ref idref="oc-105"/>
      </symbol>
      <symbol id="sm-89f">
         <name>UartSendRfIspAck</name>
         <value>0xc3be</value>
         <object_component_ref idref="oc-243"/>
      </symbol>
      <symbol id="sm-8a0">
         <name>UnLinkDat</name>
         <value>0x1e50</value>
         <object_component_ref idref="oc-185"/>
      </symbol>
      <symbol id="sm-8a1">
         <name>TransmitUartMsgByRf</name>
         <value>0xa288</value>
         <object_component_ref idref="oc-1cb"/>
      </symbol>
      <symbol id="sm-8a2">
         <name>UnlinkCompletedMessageSendToUart</name>
         <value>0xb9da</value>
         <object_component_ref idref="oc-21b"/>
      </symbol>
      <symbol id="sm-8a3">
         <name>IOInit</name>
         <value>0xc66a</value>
         <object_component_ref idref="oc-f1"/>
      </symbol>
      <symbol id="sm-8a4">
         <name>UnlinkAllLinkData</name>
         <value>0xb1d8</value>
         <object_component_ref idref="oc-216"/>
      </symbol>
      <symbol id="sm-8a5">
         <name>AddOrSubAllLinkGroup</name>
         <value>0x9f20</value>
         <object_component_ref idref="oc-239"/>
      </symbol>
      <symbol id="sm-8a6">
         <name>CleanUpStatus</name>
         <value>0x1e8e</value>
         <object_component_ref idref="oc-1e5"/>
      </symbol>
      <symbol id="sm-8a7">
         <name>RfTransmitDoneHandle</name>
         <value>0x98b6</value>
         <object_component_ref idref="oc-114"/>
      </symbol>
      <symbol id="sm-8a8">
         <name>LinkState</name>
         <value>0x1e60</value>
         <object_component_ref idref="oc-185"/>
      </symbol>
      <symbol id="sm-8a9">
         <name>SendRfMessageResponse</name>
         <value>0xb02a</value>
         <object_component_ref idref="oc-248"/>
      </symbol>
      <symbol id="sm-8aa">
         <name>CheckBroadcastUnlinkId</name>
         <value>0xa59e</value>
         <object_component_ref idref="oc-22f"/>
      </symbol>
      <symbol id="sm-8ab">
         <name>LinkCat</name>
         <value>0x1e72</value>
         <object_component_ref idref="oc-185"/>
      </symbol>
      <symbol id="sm-8ac">
         <name>BroadcastTransmitRfLinkMsg</name>
         <value>0xb7cc</value>
         <object_component_ref idref="oc-1d5"/>
      </symbol>
      <symbol id="sm-8e5">
         <name>RfTxBuffer</name>
         <value>0x1e24</value>
         <object_component_ref idref="oc-bb"/>
      </symbol>
      <symbol id="sm-8e6">
         <name>CC1101_ISR</name>
         <value>0xbb36</value>
         <object_component_ref idref="oc-82"/>
      </symbol>
      <symbol id="sm-8e7">
         <name>RxBufferLength</name>
         <value>0x1e90</value>
         <object_component_ref idref="oc-11e"/>
      </symbol>
      <symbol id="sm-8e8">
         <name>main</name>
         <value>0xaf4c</value>
         <object_component_ref idref="oc-92"/>
      </symbol>
      <symbol id="sm-8e9">
         <name>ModuleF1</name>
         <value>0x1de2</value>
         <object_component_ref idref="oc-bb"/>
      </symbol>
      <symbol id="sm-8ea">
         <name>RfRxBuffer</name>
         <value>0x1de4</value>
         <object_component_ref idref="oc-bb"/>
      </symbol>
      <symbol id="sm-911">
         <name>__mspabi_addd</name>
         <value>0x937e</value>
         <object_component_ref idref="oc-180"/>
      </symbol>
      <symbol id="sm-923">
         <name>_c_int00_noexit</name>
         <value>0xc928</value>
         <object_component_ref idref="oc-63"/>
      </symbol>
      <symbol id="sm-924">
         <name>_c_int00</name>
         <value>0xc928</value>
         <object_component_ref idref="oc-63"/>
      </symbol>
      <symbol id="sm-925">
         <name>_stack</name>
         <value>0x2bac</value>
         <object_component_ref idref="oc-88"/>
      </symbol>
      <symbol id="sm-926">
         <name>_reset_vector</name>
         <value>0xeffe</value>
         <object_component_ref idref="oc-64"/>
      </symbol>
      <symbol id="sm-937">
         <name>__TI_decompress_none</name>
         <value>0xc5c0</value>
         <object_component_ref idref="oc-68"/>
      </symbol>
      <symbol id="sm-95b">
         <name>__TI_decompress_rle24</name>
         <value>0xc9f8</value>
         <object_component_ref idref="oc-70"/>
      </symbol>
      <symbol id="sm-969">
         <name>__TI_zero_init</name>
         <value>0xc5fc</value>
         <object_component_ref idref="oc-6c"/>
      </symbol>
      <symbol id="sm-973">
         <name>__memcpy_far</name>
         <value>0xc48a</value>
         <object_component_ref idref="oc-9c"/>
      </symbol>
      <symbol id="sm-97e">
         <name>__mspabi_remi</name>
         <value>0xc798</value>
         <object_component_ref idref="oc-2a0"/>
      </symbol>
      <symbol id="sm-97f">
         <name>__mspabi_divi</name>
         <value>0xc798</value>
         <object_component_ref idref="oc-2a0"/>
      </symbol>
      <symbol id="sm-988">
         <name>__mspabi_remu</name>
         <value>0xc942</value>
         <object_component_ref idref="oc-30a"/>
      </symbol>
      <symbol id="sm-989">
         <name>__mspabi_divu</name>
         <value>0xc942</value>
         <object_component_ref idref="oc-30a"/>
      </symbol>
      <symbol id="sm-991">
         <name>C$$EXIT</name>
         <value>0xca22</value>
         <object_component_ref idref="oc-97"/>
      </symbol>
      <symbol id="sm-992">
         <name>abort</name>
         <value>0xca22</value>
         <object_component_ref idref="oc-97"/>
      </symbol>
      <symbol id="sm-99b">
         <name>__mspabi_fixdu</name>
         <value>0xc9a4</value>
         <object_component_ref idref="oc-170"/>
      </symbol>
      <symbol id="sm-9a9">
         <name>__mspabi_fixdul</name>
         <value>0xbdf0</value>
         <object_component_ref idref="oc-267"/>
      </symbol>
      <symbol id="sm-9b0">
         <name>__mspabi_fltud</name>
         <value>0xca0c</value>
         <object_component_ref idref="oc-174"/>
      </symbol>
      <symbol id="sm-9c0">
         <name>__mspabi_fltuld</name>
         <value>0xbe72</value>
         <object_component_ref idref="oc-271"/>
      </symbol>
      <symbol id="sm-9df">
         <name>_frcaddd</name>
         <value>0x9656</value>
         <object_component_ref idref="oc-27c"/>
      </symbol>
      <symbol id="sm-9ed">
         <name>__mspabi_slll_9</name>
         <value>0xc520</value>
         <object_component_ref idref="oc-2dc"/>
      </symbol>
      <symbol id="sm-9ee">
         <name>__mspabi_slll_8</name>
         <value>0xc524</value>
         <object_component_ref idref="oc-2dc"/>
      </symbol>
      <symbol id="sm-9ef">
         <name>__mspabi_slll_7</name>
         <value>0xc528</value>
         <object_component_ref idref="oc-2dc"/>
      </symbol>
      <symbol id="sm-9f0">
         <name>__mspabi_slll_6</name>
         <value>0xc52c</value>
         <object_component_ref idref="oc-2dc"/>
      </symbol>
      <symbol id="sm-9f1">
         <name>__mspabi_slll_5</name>
         <value>0xc530</value>
         <object_component_ref idref="oc-2dc"/>
      </symbol>
      <symbol id="sm-9f2">
         <name>__mspabi_slll_4</name>
         <value>0xc534</value>
         <object_component_ref idref="oc-2dc"/>
      </symbol>
      <symbol id="sm-9f3">
         <name>__mspabi_slll_3</name>
         <value>0xc538</value>
         <object_component_ref idref="oc-2dc"/>
      </symbol>
      <symbol id="sm-9f4">
         <name>__mspabi_slll_2</name>
         <value>0xc53c</value>
         <object_component_ref idref="oc-2dc"/>
      </symbol>
      <symbol id="sm-9f5">
         <name>__mspabi_slll_1</name>
         <value>0xc540</value>
         <object_component_ref idref="oc-2dc"/>
      </symbol>
      <symbol id="sm-9f6">
         <name>__mspabi_slll</name>
         <value>0xc9d8</value>
         <object_component_ref idref="oc-2f4"/>
      </symbol>
      <symbol id="sm-9f7">
         <name>__mspabi_slll_15</name>
         <value>0xc508</value>
         <object_component_ref idref="oc-2dc"/>
      </symbol>
      <symbol id="sm-9f8">
         <name>__mspabi_slll_14</name>
         <value>0xc50c</value>
         <object_component_ref idref="oc-2dc"/>
      </symbol>
      <symbol id="sm-9f9">
         <name>__mspabi_slll_13</name>
         <value>0xc510</value>
         <object_component_ref idref="oc-2dc"/>
      </symbol>
      <symbol id="sm-9fa">
         <name>__mspabi_slll_12</name>
         <value>0xc514</value>
         <object_component_ref idref="oc-2dc"/>
      </symbol>
      <symbol id="sm-9fb">
         <name>__mspabi_slll_11</name>
         <value>0xc518</value>
         <object_component_ref idref="oc-2dc"/>
      </symbol>
      <symbol id="sm-9fc">
         <name>__mspabi_slll_10</name>
         <value>0xc51c</value>
         <object_component_ref idref="oc-2dc"/>
      </symbol>
      <symbol id="sm-a0a">
         <name>__mspabi_srll_8</name>
         <value>0xc562</value>
         <object_component_ref idref="oc-2e5"/>
      </symbol>
      <symbol id="sm-a0b">
         <name>__mspabi_srll_9</name>
         <value>0xc55e</value>
         <object_component_ref idref="oc-2e5"/>
      </symbol>
      <symbol id="sm-a0c">
         <name>__mspabi_srll_6</name>
         <value>0xc56a</value>
         <object_component_ref idref="oc-2e5"/>
      </symbol>
      <symbol id="sm-a0d">
         <name>__mspabi_srll_7</name>
         <value>0xc566</value>
         <object_component_ref idref="oc-2e5"/>
      </symbol>
      <symbol id="sm-a0e">
         <name>__mspabi_srll_4</name>
         <value>0xc572</value>
         <object_component_ref idref="oc-2e5"/>
      </symbol>
      <symbol id="sm-a0f">
         <name>__mspabi_srll_5</name>
         <value>0xc56e</value>
         <object_component_ref idref="oc-2e5"/>
      </symbol>
      <symbol id="sm-a10">
         <name>__mspabi_srll_2</name>
         <value>0xc57a</value>
         <object_component_ref idref="oc-2e5"/>
      </symbol>
      <symbol id="sm-a11">
         <name>__mspabi_srll_3</name>
         <value>0xc576</value>
         <object_component_ref idref="oc-2e5"/>
      </symbol>
      <symbol id="sm-a12">
         <name>__mspabi_srll_1</name>
         <value>0xc57e</value>
         <object_component_ref idref="oc-2e5"/>
      </symbol>
      <symbol id="sm-a13">
         <name>__mspabi_srll_15</name>
         <value>0xc546</value>
         <object_component_ref idref="oc-2e5"/>
      </symbol>
      <symbol id="sm-a14">
         <name>__mspabi_srll_14</name>
         <value>0xc54a</value>
         <object_component_ref idref="oc-2e5"/>
      </symbol>
      <symbol id="sm-a15">
         <name>__mspabi_srll_13</name>
         <value>0xc54e</value>
         <object_component_ref idref="oc-2e5"/>
      </symbol>
      <symbol id="sm-a16">
         <name>__mspabi_srll_12</name>
         <value>0xc552</value>
         <object_component_ref idref="oc-2e5"/>
      </symbol>
      <symbol id="sm-a17">
         <name>__mspabi_srll_11</name>
         <value>0xc556</value>
         <object_component_ref idref="oc-2e5"/>
      </symbol>
      <symbol id="sm-a18">
         <name>__mspabi_srll_10</name>
         <value>0xc55a</value>
         <object_component_ref idref="oc-2e5"/>
      </symbol>
      <symbol id="sm-a19">
         <name>__mspabi_srll</name>
         <value>0xc9e8</value>
         <object_component_ref idref="oc-2e0"/>
      </symbol>
      <symbol id="sm-a2a">
         <name>memcpy</name>
         <value>0xc9b6</value>
         <object_component_ref idref="oc-2c7"/>
      </symbol>
      <symbol id="sm-a46">
         <name>__mspabi_mpyd</name>
         <value>0x9b10</value>
         <object_component_ref idref="oc-17c"/>
      </symbol>
      <symbol id="sm-a4d">
         <name>_system_pre_init</name>
         <value>0xca1e</value>
         <object_component_ref idref="oc-8a"/>
      </symbol>
      <symbol id="sm-a5f">
         <name>_renormd</name>
         <value>0xb718</value>
         <object_component_ref idref="oc-2fc"/>
      </symbol>
      <symbol id="sm-a66">
         <name>__mspabi_subd</name>
         <value>0xc706</value>
         <object_component_ref idref="oc-178"/>
      </symbol>
      <symbol id="sm-a76">
         <name>__mspabi_sral</name>
         <value>0xc9c8</value>
         <object_component_ref idref="oc-2f8"/>
      </symbol>
      <symbol id="sm-a77">
         <name>__mspabi_sral_15</name>
         <value>0xc4ca</value>
         <object_component_ref idref="oc-2ee"/>
      </symbol>
      <symbol id="sm-a78">
         <name>__mspabi_sral_14</name>
         <value>0xc4ce</value>
         <object_component_ref idref="oc-2ee"/>
      </symbol>
      <symbol id="sm-a79">
         <name>__mspabi_sral_13</name>
         <value>0xc4d2</value>
         <object_component_ref idref="oc-2ee"/>
      </symbol>
      <symbol id="sm-a7a">
         <name>__mspabi_sral_12</name>
         <value>0xc4d6</value>
         <object_component_ref idref="oc-2ee"/>
      </symbol>
      <symbol id="sm-a7b">
         <name>__mspabi_sral_11</name>
         <value>0xc4da</value>
         <object_component_ref idref="oc-2ee"/>
      </symbol>
      <symbol id="sm-a7c">
         <name>__mspabi_sral_10</name>
         <value>0xc4de</value>
         <object_component_ref idref="oc-2ee"/>
      </symbol>
      <symbol id="sm-a7d">
         <name>__mspabi_sral_8</name>
         <value>0xc4e6</value>
         <object_component_ref idref="oc-2ee"/>
      </symbol>
      <symbol id="sm-a7e">
         <name>__mspabi_sral_9</name>
         <value>0xc4e2</value>
         <object_component_ref idref="oc-2ee"/>
      </symbol>
      <symbol id="sm-a7f">
         <name>__mspabi_sral_6</name>
         <value>0xc4ee</value>
         <object_component_ref idref="oc-2ee"/>
      </symbol>
      <symbol id="sm-a80">
         <name>__mspabi_sral_7</name>
         <value>0xc4ea</value>
         <object_component_ref idref="oc-2ee"/>
      </symbol>
      <symbol id="sm-a81">
         <name>__mspabi_sral_4</name>
         <value>0xc4f6</value>
         <object_component_ref idref="oc-2ee"/>
      </symbol>
      <symbol id="sm-a82">
         <name>__mspabi_sral_5</name>
         <value>0xc4f2</value>
         <object_component_ref idref="oc-2ee"/>
      </symbol>
      <symbol id="sm-a83">
         <name>__mspabi_sral_2</name>
         <value>0xc4fe</value>
         <object_component_ref idref="oc-2ee"/>
      </symbol>
      <symbol id="sm-a84">
         <name>__mspabi_sral_3</name>
         <value>0xc4fa</value>
         <object_component_ref idref="oc-2ee"/>
      </symbol>
      <symbol id="sm-a85">
         <name>__mspabi_sral_1</name>
         <value>0xc502</value>
         <object_component_ref idref="oc-2ee"/>
      </symbol>
      <symbol id="sm-a91">
         <name>_auto_init</name>
         <value>0xc06c</value>
         <object_component_ref idref="oc-8e"/>
      </symbol>
      <symbol id="sm-aa0">
         <name>_frcmpyd</name>
         <value>0x90a4</value>
         <object_component_ref idref="oc-277"/>
      </symbol>
      <symbol id="sm-aa7">
         <name>__mspabi_mpyl_f5hw</name>
         <value>0xc8b0</value>
         <object_component_ref idref="oc-2ea"/>
      </symbol>
      <symbol id="sm-aa8">
         <name>__TI_exit</name>
         <value>0x1</value>
      </symbol>
      <symbol id="sm-aa9">
         <name>__TI_args_main</name>
         <value>0x1</value>
      </symbol>
      <symbol id="sm-aaa">
         <name>__TI_INITARRAY_Base</name>
         <value>0x0</value>
      </symbol>
      <symbol id="sm-aab">
         <name>__TI_INITARRAY_Limit</name>
         <value>0x0</value>
      </symbol>
   </symbol_table>
</link_info>
